 
****************************************
Report : clocks
Design : SYS_TOP
Version: O-2018.06-SP1
Date   : Fri Oct  9 20:15:01 2026
****************************************

Attributes:
    d - dont_touch_network
    f - fix_hold
    p - propagated_clock
    G - generated_clock
    g - lib_generated_clock

Clock          Period   Waveform            Attrs     Sources
--------------------------------------------------------------------------------
ALU_CLK         20.00   {0 10}              G d       {U_CLK_GATE/GATED_CLK}
REF_CLK         20.00   {0 10}              d         {REF_CLK}
RX_CLK         271.30   {0 135.648}         G d       {U_ClkDiv_RX/o_div_clk}
SCAN_CLK        20.00   {0 10}              d         {scan_clk}
TX_CLK        8681.50   {0 4340.75}         G d       {U_ClkDiv_TX/o_div_clk}
UART_CLK       271.30   {0 135.648}         d         {UART_CLK}
--------------------------------------------------------------------------------

Generated     Master         Generated      Master         Waveform
Clock         Source         Source         Clock          Modification
--------------------------------------------------------------------------------
ALU_CLK       REF_CLK        {U_CLK_GATE/GATED_CLK}
                                            REF_CLK        divide_by(1)
RX_CLK        UART_CLK       {U_ClkDiv_RX/o_div_clk}
                                            UART_CLK       divide_by(1)
TX_CLK        UART_CLK       {U_ClkDiv_TX/o_div_clk}
                                            UART_CLK       divide_by(32)
--------------------------------------------------------------------------------
1
