Information: Propagating switching activity (low effort zero delay simulation). (PWR-6)
Warning: Design has unannotated primary inputs. (PWR-414)
Warning: Design has unannotated sequential cell outputs. (PWR-415)
 
****************************************
Report : power
        -hier
        -analysis_effort low
Design : SYS_TOP
Version: O-2018.06-SP1
Date   : Fri Oct  9 20:15:01 2026
****************************************


Library(s) Used:

    scmetro_tsmc_cl013g_rvt_ss_1p08v_125c (File: /home/ICer/IC/Projects/System/std_cells/scmetro_tsmc_cl013g_rvt_ss_1p08v_125c.db)


Operating Conditions: scmetro_tsmc_cl013g_rvt_ss_1p08v_125c   Library: scmetro_tsmc_cl013g_rvt_ss_1p08v_125c
Wire Load Model Mode: top


Global Operating Voltage = 1.08 
Power-specific unit information :
    Voltage Units = 1V
    Capacitance Units = 1.000000pf
    Time Units = 1ns
    Dynamic Power Units = 1mW    (derived from V,C,T units)
    Leakage Power Units = 1pW


--------------------------------------------------------------------------------
                                       Switch   Int      Leak     Total
Hierarchy                              Power    Power    Power    Power    %
--------------------------------------------------------------------------------
SYS_TOP                                5.08e-02    0.335 1.05e+07    0.396 100.0
  U_ClkDiv_TX (ClkDiv_test_1)          5.98e-04 9.09e-03 2.95e+05 9.98e-03   2.5
  U_ClkDiv_RX (ClkDiv_test_0)          1.67e-04 7.40e-03 2.21e+05 7.79e-03   2.0
  U_CLK_GATE (CLK_GATE)                1.83e-03 4.71e-03 3.73e+04 6.58e-03   1.7
1
