################################################################################
#
# This file has been generated by SpyGlass:
#     Report Created by: ICer
#     Report Created on: Fri Oct  2 05:01:10 2026
#     Working Directory: /home/ICer/IC/Projects/System/spyglass
#     Report Location  : ./spyglass-1/lint/lint_rtl/spyglass_reports/SpyGlass/elab_summary.rpt
#     SpyGlass Version : SpyGlass_vL-2016.06
#     Policy Name      : SpyGlass(SpyGlass_vL-2016.06)
#     Comment          : This report contains RTL and Elaborated names along with parameter values
#
################################################################################

================================================================================
Elaborated Name: 'RST_SYNC'
    (RTL Design Unit name: 'RST_SYNC', ../rtl/RST_SYNC/RST_SYNC.v:1)
     Parameters (Total: 1)
         NUM_STAGES = 2 (default: 2)
     Instances (Total: 2): SYS_TOP.RST_SYNC_2, SYS_TOP.RST_SYNC_1 

================================================================================

Elaborated Name: 'RegFile'
    (RTL Design Unit name: 'RegFile', ../rtl/RegFile/RegFile.v:2)
     Parameters (Total: 3)
         WIDTH = 8 (default: 8)
         DEPTH = 16 (default: 16)
         ADDR  = 4 (default: 4)
     Instances (Total: 1): SYS_TOP.U_RegFile 

================================================================================

Elaborated Name: 'CLK_GATE'
    (RTL Design Unit name: 'CLK_GATE', ../rtl/Clock_Gating/CLK_GATE.v:6)
     Parameters (Total: 0)
     Instances (Total: 1): SYS_TOP.U_CLK_GATE 

================================================================================

Elaborated Name: 'ALU'
    (RTL Design Unit name: 'ALU', ../rtl/ALU/ALU.v:1)
     Parameters (Total: 0)
     Instances (Total: 1): SYS_TOP.U_ALU 

================================================================================

Elaborated Name: 'SYS_CTRL'
    (RTL Design Unit name: 'SYS_CTRL', ../rtl/SYS_CTRL/SYS_CTRL.v:21)
     Parameters (Total: 18)
         CMD_RF_WR      = 170 (default: 8'hAA)
         CMD_RF_RD      = 187 (default: 8'hBB)
         CMD_ALU_OP     = 204 (default: 8'hCC)
         CMD_ALU_NOP    = 221 (default: 8'hDD)
         S_IDLE         = 0 (default: 4'd0)
         S_FRAME1       = 1 (default: 4'd1)
         S_FRAME2       = 2 (default: 4'd2)
         S_FRAME3       = 3 (default: 4'd3)
         S_RF_WRITE     = 4 (default: 4'd4)
         S_RF_READ_REQ  = 5 (default: 4'd5)
         S_RF_READ_WAIT = 6 (default: 4'd6)
         S_RF_READ_SEND = 7 (default: 4'd7)
         S_ALU_WR_A     = 8 (default: 4'd8)
         S_ALU_WR_B     = 9 (default: 4'd9)
         S_ALU_EXEC     = 10 (default: 4'd10)
         S_ALU_WAIT     = 11 (default: 4'd11)
         S_ALU_SEND_LSB = 12 (default: 4'd12)
         S_ALU_SEND_MSB = 13 (default: 4'd13)
     Instances (Total: 1): SYS_TOP.U_SYS_CTRL 

================================================================================

Elaborated Name: 'CLKDIV_MUX'
    (RTL Design Unit name: 'CLKDIV_MUX', ../rtl/CLKDIV_MUX/CLKDIV_MUX.v:1)
     Parameters (Total: 1)
         WIDTH = 8 (default: 8)
     Instances (Total: 1): SYS_TOP.U_CLKDIV_MUX 

================================================================================

Elaborated Name: 'ClkDiv'
    (RTL Design Unit name: 'ClkDiv', ../rtl/CLK_Divider/ClkDiv.v:1)
     Parameters (Total: 0)
     Instances (Total: 2): SYS_TOP.U_ClkDiv_TX, SYS_TOP.U_ClkDiv_RX 

================================================================================

Elaborated Name: 'UART'
    (RTL Design Unit name: 'UART', ../rtl/UART/UART_TOP/UART.v:2)
     Parameters (Total: 1)
         DATA_WIDTH = 8 (default: 8)
     Instances (Total: 1): SYS_TOP.U_UART 

================================================================================

Elaborated Name: 'UART_TX_TOP'
    (RTL Design Unit name: 'UART_TX_TOP', ../rtl/UART/UART_TX/UART_TX_TOP.v:1)
     Parameters (Total: 0)
     Instances (Total: 1): SYS_TOP.U_UART.U0_UART_TX 

================================================================================

Elaborated Name: 'UART_TX_FSM'
    (RTL Design Unit name: 'UART_TX_FSM', ../rtl/UART/UART_TX/UART_TX_FSM.sv:1)
     Parameters (Total: 0)
     Instances (Total: 1): SYS_TOP.U_UART.U0_UART_TX.FSM_Block 

================================================================================

Elaborated Name: 'Serializer'
    (RTL Design Unit name: 'Serializer', ../rtl/UART/UART_TX/Serializer.v:1)
     Parameters (Total: 0)
     Instances (Total: 1): SYS_TOP.U_UART.U0_UART_TX.Serializer_Block 

================================================================================

Elaborated Name: 'Parity_Calc'
    (RTL Design Unit name: 'Parity_Calc', ../rtl/UART/UART_TX/parity_Calc.v:1)
     Parameters (Total: 0)
     Instances (Total: 1): SYS_TOP.U_UART.U0_UART_TX.Parity_Calc_Block 

================================================================================

Elaborated Name: 'Mux_4X1'
    (RTL Design Unit name: 'Mux_4X1', ../rtl/UART/UART_TX/Mux_4X1.v:1)
     Parameters (Total: 0)
     Instances (Total: 1): SYS_TOP.U_UART.U0_UART_TX.Mux_4X1_BLock 

================================================================================

Elaborated Name: 'UART_RX_TOP'
    (RTL Design Unit name: 'UART_RX_TOP', ../rtl/UART/UART_RX/UART_RX_TOP.v:1)
     Parameters (Total: 0)
     Instances (Total: 1): SYS_TOP.U_UART.U0_UART_RX 

================================================================================

Elaborated Name: 'UART_RX_FSM'
    (RTL Design Unit name: 'UART_RX_FSM', ../rtl/UART/UART_RX/UART_RX_FSM.sv:1)
     Parameters (Total: 0)
     Instances (Total: 1): SYS_TOP.U_UART.U0_UART_RX.UART_RX_FSM_Block 

================================================================================

Elaborated Name: 'edge_bit_counter'
    (RTL Design Unit name: 'edge_bit_counter', ../rtl/UART/UART_RX/edge_bit_counter.v:1)
     Parameters (Total: 0)
     Instances (Total: 1): SYS_TOP.U_UART.U0_UART_RX.edge_bit_counter_BLock 

================================================================================

Elaborated Name: 'data_sampling'
    (RTL Design Unit name: 'data_sampling', ../rtl/UART/UART_RX/data_sampling.v:1)
     Parameters (Total: 0)
     Instances (Total: 1): SYS_TOP.U_UART.U0_UART_RX.data_sampling_Block 

================================================================================

Elaborated Name: 'parity_Check'
    (RTL Design Unit name: 'parity_Check', ../rtl/UART/UART_RX/parity_Check.v:1)
     Parameters (Total: 0)
     Instances (Total: 1): SYS_TOP.U_UART.U0_UART_RX.parity_Check_Block 

================================================================================

Elaborated Name: 'strt_Check'
    (RTL Design Unit name: 'strt_Check', ../rtl/UART/UART_RX/strt_Check.v:1)
     Parameters (Total: 0)
     Instances (Total: 1): SYS_TOP.U_UART.U0_UART_RX.strt_Check_Block 

================================================================================

Elaborated Name: 'stop_Check'
    (RTL Design Unit name: 'stop_Check', ../rtl/UART/UART_RX/stop_Check.v:1)
     Parameters (Total: 0)
     Instances (Total: 1): SYS_TOP.U_UART.U0_UART_RX.stop_Check_BLock 

================================================================================

Elaborated Name: 'deserializer'
    (RTL Design Unit name: 'deserializer', ../rtl/UART/UART_RX/deserializer.v:1)
     Parameters (Total: 0)
     Instances (Total: 1): SYS_TOP.U_UART.U0_UART_RX.deserializer_Block 

================================================================================

Elaborated Name: 'PULSE_GEN'
    (RTL Design Unit name: 'PULSE_GEN', ../rtl/PULSE_GEN/PULSE_GEN.v:6)
     Parameters (Total: 0)
     Instances (Total: 1): SYS_TOP.U_PULSE_GEN 

================================================================================

Elaborated Name: 'DATA_SYNC'
    (RTL Design Unit name: 'DATA_SYNC', ../rtl/DATA_SYNC/DATA_SYNC.v:1)
     Parameters (Total: 2)
         NUM_STAGES = 2 (default: 2)
         BUS_WIDTH  = 8 (default: 8)
     Instances (Total: 1): SYS_TOP.U_Data_Sync_RX 

================================================================================

Elaborated Name: 'ASYNC_FIFO'
    (RTL Design Unit name: 'ASYNC_FIFO', ../rtl/ASYNC_FIFO/ASYNC_FIFO.v:1)
     Parameters (Total: 1)
         DATA_WIDTH = 8 (default: 8)
     Instances (Total: 1): SYS_TOP.U_ASYNC_FIFO 

================================================================================

Elaborated Name: 'FIFO_WR'
    (RTL Design Unit name: 'FIFO_WR', ../rtl/ASYNC_FIFO/FIFO_WR.v:1)
     Parameters (Total: 0)
     Instances (Total: 1): SYS_TOP.U_ASYNC_FIFO.FIFO_WR_Block 

================================================================================

Elaborated Name: 'DF_SYNC'
    (RTL Design Unit name: 'DF_SYNC', ../rtl/ASYNC_FIFO/DF_SYNC.v:1)
     Parameters (Total: 1)
         WIDTH = 4 (default: 1)
     Instances (Total: 2): SYS_TOP.U_ASYNC_FIFO.sync_r2w, SYS_TOP.U_ASYNC_FIFO.sync_w2r 

================================================================================

Elaborated Name: 'FIFO_RD'
    (RTL Design Unit name: 'FIFO_RD', ../rtl/ASYNC_FIFO/FIFO_RD.v:1)
     Parameters (Total: 0)
     Instances (Total: 1): SYS_TOP.U_ASYNC_FIFO.FIFO_RD_Block 

================================================================================

Elaborated Name: 'FIFO_MEM_CNTRL'
    (RTL Design Unit name: 'FIFO_MEM_CNTRL', ../rtl/ASYNC_FIFO/FIFO_MEM_CNTRL.v:1)
     Parameters (Total: 1)
         DATA_WIDTH = 8 (default: 8)
     Instances (Total: 1): SYS_TOP.U_ASYNC_FIFO.FIFO_Memory_Block 

================================================================================

Elaborated Name: 'SYS_TOP'
    (RTL Design Unit name: 'SYS_TOP', ../rtl/SYS_TOP/SYS_TOP.v:10)
     Parameters (Total: 4)
         RF_WIDTH   = 8 (default: 8)
         RF_DEPTH   = 16 (default: 16)
         RF_ADDR    = 4 (default: 4)
         FIFO_WIDTH = 8 (default: 8)
================================================================================
