
################################################################################
#
# This file has been generated by SpyGlass:
#     Report Name      : no_msg_reporting_rules
#     Report Created by: ICer
#     Report Created on:  Fri Oct  2 05:01:10 2026
#     Working Directory: /home/ICer/IC/Projects/System/spyglass
#     SpyGlass Version : SpyGlass_vL-2016.06
#     Policy Name      : SpyGlass(SpyGlass_vL-2016.06)
#                        erc(SpyGlass_vL-2016.06)
#                        latch(SpyGlass_vL-2016.06)
#                        lint(SpyGlass_vL-2016.06)
#                        morelint(SpyGlass_vL-2016.06)
#                        openmore(SpyGlass_vL-2016.06)
#                        simulation(SpyGlass_vL-2016.06)
#                        starc(SpyGlass_vL-2016.06)
#                        starc2005(SpyGlass_vL-2016.06)
#                        timing(SpyGlass_vL-2016.06)
#
#     Total Number of Generated Messages :          7
#     Number of Waived Messages          :          0
#     Number of Reported Messages        :          7
#     Number of Overlimit Messages       :          0
#
#
################################################################################

NO VIOLATION RULE REPORT :
++++++++++++++++++++++++++++++++++++++++++++++++++++++++++++++++++++++++++++++++

Following rules did not produce any violation or waived off during spyglass run

++++++++++++++++++++++++++++++++++++++++++++++++++++++++++++++++++++++++++++++++


================================================================================
	INDEX                                   RULE-NAME
================================================================================
	1                                  BlockHeader
	2                                  BufClock
	3                                  CheckDelayTimescale-ML
	4                                  CombLoop
	5                                  LatchFeedback
	6                                  NoAssignX-ML
	7                                  NoXInCase-ML
	8                                  ParamWidthMismatch-ML
	9                                  STARC05-1.2.1.2
	10                                 STARC05-1.3.1.3
	11                                 STARC05-2.1.3.1
	12                                 STARC05-2.1.4.5
	13                                 STARC05-2.1.5.3
	14                                 STARC05-2.1.6.5
	15                                 STARC05-2.10.1.4a
	16                                 STARC05-2.10.1.4b
	17                                 STARC05-2.10.2.3
	18                                 STARC05-2.10.3.2a
	19                                 STARC05-2.11.3.1
	20                                 STARC05-2.2.3.3
	21                                 STARC05-2.3.1.2c
	22                                 STARC05-2.3.1.5b
	23                                 STARC05-2.3.1.6
	24                                 STARC05-2.3.3.1
	25                                 STARC05-2.3.4.1v
	26                                 STARC05-2.4.1.5
	27                                 STARC05-2.5.1.2
	28                                 STARC05-2.5.1.7
	29                                 STARC05-2.5.1.9
	30                                 UndrivenInTerm-ML
	31                                 W110
	32                                 W110a
	33                                 W116
	34                                 W122
	35                                 W123
	36                                 W156
	37                                 W19
	38                                 W215
	39                                 W216
	40                                 W218
	41                                 W224
	42                                 W240
	43                                 W263
	44                                 W287a
	45                                 W287b
	46                                 W289
	47                                 W292
	48                                 W293
	49                                 W317
	50                                 W336
	51                                 W337
	52                                 W339a
	53                                 W352
	54                                 W362
	55                                 W392
	56                                 W398
	57                                 W414
	58                                 W415
	59                                 W415a
	60                                 W416
	61                                 W421
	62                                 W422
	63                                 W424
	64                                 W426
	65                                 W442a
	66                                 W442b
	67                                 W442c
	68                                 W442f
	69                                 W450L
	70                                 W467
	71                                 W480
	72                                 W481a
	73                                 W481b
	74                                 W486
	75                                 W496a
	76                                 W496b
	77                                 W499
	78                                 W502
	79                                 W505
	80                                 W528
	81                                 W66
	82                                 W71
	83                                 badimplicitSM1
	84                                 badimplicitSM2
	85                                 badimplicitSM4
	86                                 bothedges
	87                                 mixedsenselist
	88                                 sim_race02
================================================================================
