
################################################################################
#
# This file has been generated by SpyGlass:
#     Report Name      : moresimple
#     Report Created by: ICer
#     Report Created on:  Fri Oct  2 06:45:28 2026
#     Working Directory: /home/ICer/IC/Projects/System/spyglass
#     SpyGlass Version : SpyGlass_vL-2016.06
#     Policy Name      : SpyGlass(SpyGlass_vL-2016.06)
#                        clock-reset(SpyGlass_vL-2016.06)
#                        timing(SpyGlass_vL-2016.06)
#
#     Total Number of Generated Messages :         13
#     Number of Waived Messages          :          2
#     Number of Reported Messages        :         11
#     Number of Overlimit Messages       :          0
#
#
################################################################################

+++++++++++++++++++++++++++++++++++++++++++++++++++++++++++++++++++++++
MORESIMPLE REPORT:


############### BuiltIn -> RuleGroup=Command-line read ###############
+++++++++++++++++++++++++++++++++++++++++++++++++++++++++++++++++++++++++++++++++++++++
ID       Rule           Alias          Severity    File    Line    Wt    Message
======================================================================================
[1]      CMD_sglib03    SglibUnused    Info        N.A     -1      10    No Cell has been used in design from sglib file './spyglass-1/spyglass_cache/autogenerated_sglib/aggregate.sglib'
+++++++++++++++++++++++++++++++++++++++++++++++++++++++++++++++++++++++++++++++++++++++


############### BuiltIn -> RuleGroup=Design Read ###############
+++++++++++++++++++++++++++++++++++++++++++++++++++++++++++++++++++++++++++++++++++++++
ID       Rule                    Alias                   Severity    File                                                                                    Line    Wt    Message
======================================================================================
[2]      DetectTopDesignUnits    DetectTopDesignUnits    Info        ../rtl/SYS_TOP/SYS_TOP.v                                                                10      2     Module SYS_TOP is a top level design unit
[1A]     Domain_Matrix01                                 Info        ../cdc/SYS_TOP.sgdc                                                                     4       10    Domain Matrix for design "SYS_TOP",  based on the individual constraints defined in the SDC as inferred in the Sta mode
[0]      ElabSummary             ElabSummary             Info        ./spyglass-1/cdc/clock_reset_integrity/spyglass_reports/SpyGlass/elab_summary.rpt       0       2     Please refer file './spyglass-1/cdc/clock_reset_integrity/spyglass_reports/SpyGlass/elab_summary.rpt' for elab summary report
[28]     Info_Case_Analysis      showSimVal              Info        ../rtl/SYS_TOP/SYS_TOP.v                                                                10      10    Information for set_case_analysis value propagation for design 'SYS_TOP' is displayed
[24]     SDC2SGDC_INFO                                   Info        ./spyglass-1/cdc/clock_reset_integrity/spyglass_reports/sdc2sgdc/sdc2sgdc.sgdc.45004    1       10    Sgdc file "./spyglass-1/cdc/clock_reset_integrity/spyglass_reports/sdc2sgdc/sdc2sgdc.sgdc.45004" generated after successful SDC2SGDC translation
[25]     SDC_Mapping01                                   Info        N.A                                                                                     0       10    Mapping of SDC Commands Generated
+++++++++++++++++++++++++++++++++++++++++++++++++++++++++++++++++++++++++++++++++++++++


############### Non-BuiltIn -> Goal=cdc/clock_reset_integrity ###############
+++++++++++++++++++++++++++++++++++++++++++++++++++++++++++++++++++++++++++++++++++++++
ID       Rule                  Alias    Severity    File                        Line    Wt    Message
======================================================================================
[2C]     Clock_Reset_info01             Info        N.A.                        0       2     Clock-Reset Matrix information generated for Clock-Reset-Summary report
[26]     Propagate_Clocks               Info        ../rtl/SYS_TOP/SYS_TOP.v    16      2     For SYS_TOP, clock(s) 'SYS_TOP.REF_CLK' of domain 'd0' propagated
[27]     Propagate_Clocks               Info        ../rtl/SYS_TOP/SYS_TOP.v    17      2     For SYS_TOP, clock(s) 'SYS_TOP.UART_CLK' of domain 'd1' propagated
[29]     Propagate_Resets               Info        ../rtl/SYS_TOP/SYS_TOP.v    18      2     For SYS_TOP, reset 'SYS_TOP.RST' propagated
+++++++++++++++++++++++++++++++++++++++++++++++++++++++++++++++++++++++++++++++++++++++
