
################################################################################
#
# This file has been generated by SpyGlass:
#     Report Name      : waiver
#     Report Created by: ICer
#     Report Created on:  Fri Oct  2 06:45:28 2026
#     Working Directory: /home/ICer/IC/Projects/System/spyglass
#     SpyGlass Version : SpyGlass_vL-2016.06
#     Policy Name      : SpyGlass(SpyGlass_vL-2016.06)
#                        clock-reset(SpyGlass_vL-2016.06)
#                        timing(SpyGlass_vL-2016.06)
#
#     Total Number of Generated Messages :         13
#     Number of Waived Messages          :          2
#     Number of Reported Messages        :         11
#     Number of Overlimit Messages       :          0
#
#     Total Number of Waivers                            :          1
#     Number of Waivers Applied                          :          1
#     Number of Waivers with Regex and/or wildcard       :          0
#     Number of Waivers with -rule                       :          1
#     Number of Waivers with line number and/or file info:          0
#     Number of Waive -IP commands                       :          0
#
#
################################################################################

WAIVER REPORT:
+++++++++++++++++++++++++++++++++++++++++++++++++++++++++++++++++++++++++++++++

Design Issues Waiver Report
+++++++++++++++++++++++++++++++++++++++++++++++++++++++++++++++++++++++++++++++

Waiver comment : Created by ICer on 02-Oct-2026 05:11:02  I have make them quasi_static but it seems corrupted
waive -rule "Clock_glitch04" 
#spg_backref : "./spyglass-1/cdc/clock_reset_integrity/spyglass-1_waiver_file.awl" 1

2 message(s) waived:
===============================================================================
Index    Rule           Severity File                               Line Wt Message
===============================================================================
[2A]     Clock_glitch04 Warning  ../rtl/UART/UART_RX/UART_RX_FSM.sv 36   2  Flop SYS_TOP.U_RegFile.regArr[2][2] and Flop SYS_TOP.U_RegFile.regArr[2][3] are converging through combinational logic to clock of Flop currentState[0]
[2B]     Clock_glitch04 Warning  ../rtl/UART/UART_TX/UART_TX_FSM.sv 37   2  Flop SYS_TOP.U_RegFile.regArr[3][0] and Flop SYS_TOP.U_RegFile.regArr[3][1] are converging through combinational logic to clock of Flop currentState[0]
===============================================================================

