 
****************************************
Report : area
Design : SYS_TOP
Version: O-2018.06-SP1
Date   : Sun Oct  4 16:42:27 2026
****************************************

Library(s) Used:

    scmetro_tsmc_cl013g_rvt_ss_1p08v_125c (File: /home/ICer/IC/Projects/System/std_cells/scmetro_tsmc_cl013g_rvt_ss_1p08v_125c.db)

Number of ports:                           52
Number of nets:                          1930
Number of cells:                         1845
Number of combinational cells:           1478
Number of sequential cells:               364
Number of macros/black boxes:               0
Number of buf/inv:                        238
Number of references:                      67

Combinational area:              10571.473013
Buf/Inv area:                      850.754124
Noncombinational area:           11452.821489
Macro/Black Box area:                0.000000
Net Interconnect area:      undefined  (No wire load specified)

Total cell area:                 22024.294502
Total area:                 undefined

Hierarchical area distribution
------------------------------

                                  Global cell area            Local cell area
                                  -------------------  ------------------------------ 
Hierarchical cell                 Absolute    Percent  Combi-      Noncombi-   Black-
                                  Total       Total    national    national    boxes   Design
--------------------------------  ----------  -------  ----------  ----------  ------  -------------
SYS_TOP                           22024.2945    100.0   9899.5773  10843.2909  0.0000  SYS_TOP
U_CLK_GATE                           22.3573      0.1      5.8835     16.4738  0.0000  CLK_GATE
U_ClkDiv_RX                         551.8723      2.5    255.3439    296.5284  0.0000  ClkDiv_test_0
U_ClkDiv_TX                         707.1967      3.2    410.6683    296.5284  0.0000  ClkDiv_test_1
--------------------------------  ----------  -------  ----------  ----------  ------  -------------
Total                                                  10571.4730  11452.8215  0.0000

1
