Information: Propagating switching activity (low effort zero delay simulation). (PWR-6)
Warning: Design has unannotated primary inputs. (PWR-414)
Warning: Design has unannotated sequential cell outputs. (PWR-415)
 
****************************************
Report : power
        -hier
        -analysis_effort low
Design : SYS_TOP
Version: O-2018.06-SP1
Date   : Sun Oct  4 16:42:27 2026
****************************************


Library(s) Used:

    scmetro_tsmc_cl013g_rvt_ss_1p08v_125c (File: /home/ICer/IC/Projects/System/std_cells/scmetro_tsmc_cl013g_rvt_ss_1p08v_125c.db)


Operating Conditions: scmetro_tsmc_cl013g_rvt_ss_1p08v_125c   Library: scmetro_tsmc_cl013g_rvt_ss_1p08v_125c
Wire Load Model Mode: top


Global Operating Voltage = 1.08 
Power-specific unit information :
    Voltage Units = 1V
    Capacitance Units = 1.000000pf
    Time Units = 1ns
    Dynamic Power Units = 1mW    (derived from V,C,T units)
    Leakage Power Units = 1pW


--------------------------------------------------------------------------------
                                       Switch   Int      Leak     Total
Hierarchy                              Power    Power    Power    Power    %
--------------------------------------------------------------------------------
SYS_TOP                                4.95e-02    0.325 1.05e+07    0.385 100.0
  U_ClkDiv_TX (ClkDiv_test_1)          5.07e-04 8.75e-03 2.94e+05 9.56e-03   2.5
  U_ClkDiv_RX (ClkDiv_test_0)          1.67e-04 7.40e-03 2.21e+05 7.79e-03   2.0
  U_CLK_GATE (CLK_GATE)                1.83e-03 9.94e-04 1.48e+04 2.84e-03   0.7
1
