 
****************************************
Report : area
Design : SYS_TOP
Version: O-2018.06-SP1
Date   : Mon Sep 28 07:14:15 2026
****************************************

Library(s) Used:

    scmetro_tsmc_cl013g_rvt_ss_1p08v_125c (File: /home/ICer/IC/Projects/System/std_cells/scmetro_tsmc_cl013g_rvt_ss_1p08v_125c.db)

Number of ports:                           34
Number of nets:                          2024
Number of cells:                         1945
Number of combinational cells:           1585
Number of sequential cells:               357
Number of macros/black boxes:               0
Number of buf/inv:                        259
Number of references:                      63

Combinational area:              10970.374293
Buf/Inv area:                      921.356127
Noncombinational area:            8947.626673
Macro/Black Box area:                0.000000
Net Interconnect area:      undefined  (No wire load specified)

Total cell area:                 19918.000965
Total area:                 undefined

Hierarchical area distribution
------------------------------

                                  Global cell area            Local cell area
                                  -------------------  ----------------------------- 
Hierarchical cell                 Absolute    Percent  Combi-      Noncombi-  Black-
                                  Total       Total    national    national   boxes   Design
--------------------------------  ----------  -------  ----------  ---------  ------  ---------
SYS_TOP                           19918.0010    100.0  10304.3621  8441.6457  0.0000  SYS_TOP
U_CLK_GATE                           40.0078      0.2      0.0000    40.0078  0.0000  CLK_GATE
U_ClkDiv_RX                         488.3305      2.5    255.3439   232.9866  0.0000  ClkDiv_1
U_ClkDiv_TX                         643.6549      3.2    410.6683   232.9866  0.0000  ClkDiv_0
--------------------------------  ----------  -------  ----------  ---------  ------  ---------
Total                                                  10970.3743  8947.6267  0.0000

1
