 
****************************************
Report : power
        -hier
        -analysis_effort low
Design : SYS_TOP
Version: O-2018.06-SP1
Date   : Mon Sep 28 07:14:15 2026
****************************************


Library(s) Used:

    scmetro_tsmc_cl013g_rvt_ss_1p08v_125c (File: /home/ICer/IC/Projects/System/std_cells/scmetro_tsmc_cl013g_rvt_ss_1p08v_125c.db)


Operating Conditions: scmetro_tsmc_cl013g_rvt_ss_1p08v_125c   Library: scmetro_tsmc_cl013g_rvt_ss_1p08v_125c
Wire Load Model Mode: top


Global Operating Voltage = 1.08 
Power-specific unit information :
    Voltage Units = 1V
    Capacitance Units = 1.000000pf
    Time Units = 1ns
    Dynamic Power Units = 1mW    (derived from V,C,T units)
    Leakage Power Units = 1pW


--------------------------------------------------------------------------------
                                       Switch   Int      Leak     Total
Hierarchy                              Power    Power    Power    Power    %
--------------------------------------------------------------------------------
SYS_TOP                                4.47e-03    0.213 9.36e+06    0.227 100.0
  U_ClkDiv_TX (ClkDiv_0)               1.17e-05 6.00e-04 2.54e+05 8.66e-04   0.4
  U_ClkDiv_RX (ClkDiv_1)               2.42e-04 5.24e-04 1.77e+05 9.43e-04   0.4
  U_CLK_GATE (CLK_GATE)                1.42e-03 4.62e-03 3.71e+04 6.08e-03   2.7
1
