###############################################################
#  Generated by:      Cadence First Encounter 08.10-p004_1
#  OS:                Linux x86_64(Host ID localhost.localdomain)
#  Generated on:      Fri Oct  9 17:08:00 2026
#  Command:           verifyGeometry -report geom.rpt
###############################################################

SPACING: Pin of Cell FE_OFC9_n1747 & Blockage of Cell U1217  ( M1 )
Bounds : ( 155.140, 97.680 ) ( 156.330, 97.860 )
Actual:     0.18     Min:     0.22     Type: LengthThreshold  SameNetGap

SPACING: Blockage of Cell U1220 & Pin of Cell U1070  ( M1 )
Bounds : ( 145.445, 103.860 ) ( 146.490, 104.040 )
Actual:     0.18     Min:     0.22     Type: LengthThreshold  SameNetGap


Begin Summary ...
  Cells       : 0
  SameNet     : 0
  Wiring      : 2
  Antenna     : 0
  Short       : 0
  Overlap     : 0
End Summary

  Total Violations : 2 Viols.
