
################################################################################
#
# This file has been generated by SpyGlass:
#     Report Name      : no_msg_reporting_rules
#     Report Created by: ICer
#     Report Created on:  Fri Oct  2 06:45:16 2026
#     Working Directory: /home/ICer/IC/Projects/System/spyglass
#     SpyGlass Version : SpyGlass_vL-2016.06
#     Policy Name      : SpyGlass(SpyGlass_vL-2016.06)
#                        clock-reset(SpyGlass_vL-2016.06)
#
#     Total Number of Generated Messages :         15
#     Number of Waived Messages          :          1
#     Number of Reported Messages        :         14
#     Number of Overlimit Messages       :          0
#
#
################################################################################

NO VIOLATION RULE REPORT :
++++++++++++++++++++++++++++++++++++++++++++++++++++++++++++++++++++++++++++++++

Following rules did not produce any violation or waived off during spyglass run

++++++++++++++++++++++++++++++++++++++++++++++++++++++++++++++++++++++++++++++++


================================================================================
	INDEX                                   RULE-NAME
================================================================================
	1                                  Ac_resetvalue01
	2                                  Ar_converge01
	3                                  Ar_syncrst_setupcheck01
	4                                  Clock_check10
	5                                  Clock_converge01
	6                                  Clock_info03a
	7                                  Clock_info03b
	8                                  Clock_info03c
	9                                  Clock_info05
	10                                 Clock_info05b
	11                                 FalsePathSetup
	12                                 Reset_check03
	13                                 Reset_check10
	14                                 Reset_check11
	15                                 Reset_check12
	16                                 Reset_info09a
================================================================================
