
################################################################################
#
# This file has been generated by SpyGlass:
#     Report Name      : waiver
#     Report Created by: ICer
#     Report Created on:  Fri Oct  2 06:45:16 2026
#     Working Directory: /home/ICer/IC/Projects/System/spyglass
#     SpyGlass Version : SpyGlass_vL-2016.06
#     Policy Name      : SpyGlass(SpyGlass_vL-2016.06)
#                        clock-reset(SpyGlass_vL-2016.06)
#
#     Total Number of Generated Messages :         15
#     Number of Waived Messages          :          1
#     Number of Reported Messages        :         14
#     Number of Overlimit Messages       :          0
#
#     Total Number of Waivers                            :          1
#     Number of Waivers Applied                          :          1
#     Number of Waivers with Regex and/or wildcard       :          0
#     Number of Waivers with -rule                       :          1
#     Number of Waivers with line number and/or file info:          0
#     Number of Waive -IP commands                       :          0
#
#
################################################################################

WAIVER REPORT:
+++++++++++++++++++++++++++++++++++++++++++++++++++++++++++++++++++++++++++++++

Design Issues Waiver Report
+++++++++++++++++++++++++++++++++++++++++++++++++++++++++++++++++++++++++++++++

Waiver comment : Created by ICer on 02-Oct-2026 05:04:18 First CDC checked test
waive -msg q!Port coverage for top design unit 'SYS_TOP' is: '1' (25.00 %) port(s) not fully constrained! \
      -rule "Setup_port01" 
#spg_backref : "./spyglass-1/cdc/cdc_setup_check/spyglass-1_waiver_file.awl" 1

1 message(s) waived:
===============================================================================
Index    Rule         Severity File                     Line Wt Message
===============================================================================
[34]     Setup_port01 Error    ../rtl/SYS_TOP/SYS_TOP.v 10   2  Port coverage for top design unit 'SYS_TOP' is: '1' (25.00 %) port(s) not fully constrained
===============================================================================

