# generated on Fri Oct  9 17:28:45 2026
# Top Cell: SYS_TOP

------------------------------------------------------------
          timeDesign Summary                             
------------------------------------------------------------

+--------------------+---------+---------+---------+---------+---------+---------+
|     Hold mode      |   all   | reg2reg | in2reg  | reg2out | in2out  | clkgate |
+--------------------+---------+---------+---------+---------+---------+---------+
|           WNS (ns):|  0.072  |  0.072  |  0.176  |  4.200  |   N/A   |  0.383  |
|           TNS (ns):|  0.000  |  0.000  |  0.000  |  0.000  |   N/A   |  0.000  |
|    Violating Paths:|    0    |    0    |    0    |    0    |   N/A   |    0    |
|          All Paths:|  1012   |   997   |   305   |    7    |   N/A   |    1    |
+--------------------+---------+---------+---------+---------+---------+---------+

Density: 66.684%
Routing Overflow: 0.00% H and 0.42% V
------------------------------------------------------------
