
################################################################################
#
# This file has been generated by SpyGlass:
#     Report Name      : moresimple
#     Report Created by: ICer
#     Report Created on:  Fri Oct  2 06:45:39 2026
#     Working Directory: /home/ICer/IC/Projects/System/spyglass
#     SpyGlass Version : SpyGlass_vL-2016.06
#     Policy Name      : SpyGlass(SpyGlass_vL-2016.06)
#                        clock-reset(SpyGlass_vL-2016.06)
#
#     Total Number of Generated Messages :         43
#     Number of Waived Messages          :          3
#     Number of Reported Messages        :         40
#     Number of Overlimit Messages       :          0
#
#
################################################################################

+++++++++++++++++++++++++++++++++++++++++++++++++++++++++++++++++++++++
MORESIMPLE REPORT:


############### BuiltIn -> RuleGroup=Command-line read ###############
+++++++++++++++++++++++++++++++++++++++++++++++++++++++++++++++++++++++++++++++++++++++
ID       Rule           Alias          Severity    File    Line    Wt    Message
======================================================================================
[1]      CMD_sglib03    SglibUnused    Info        N.A     -1      10    No Cell has been used in design from sglib file './spyglass-1/spyglass_cache/autogenerated_sglib/aggregate.sglib'
+++++++++++++++++++++++++++++++++++++++++++++++++++++++++++++++++++++++++++++++++++++++


############### BuiltIn -> RuleGroup=Design Read ###############
+++++++++++++++++++++++++++++++++++++++++++++++++++++++++++++++++++++++++++++++++++++++
ID       Rule                    Alias                   Severity    File                                                                                Line    Wt    Message
======================================================================================
[2]      DetectTopDesignUnits    DetectTopDesignUnits    Info        ../rtl/SYS_TOP/SYS_TOP.v                                                            10      2     Module SYS_TOP is a top level design unit
[1A]     Domain_Matrix01                                 Info        ../cdc/SYS_TOP.sgdc                                                                 4       10    Domain Matrix for design "SYS_TOP",  based on the individual constraints defined in the SDC as inferred in the Sta mode
[0]      ElabSummary             ElabSummary             Info        ./spyglass-1/cdc/cdc_verify_struct/spyglass_reports/SpyGlass/elab_summary.rpt       0       2     Please refer file './spyglass-1/cdc/cdc_verify_struct/spyglass_reports/SpyGlass/elab_summary.rpt' for elab summary report
[41]     Info_Case_Analysis      showSimVal              Info        ../rtl/SYS_TOP/SYS_TOP.v                                                            10      10    Information for set_case_analysis value propagation for design 'SYS_TOP' is displayed
[24]     SDC2SGDC_INFO                                   Info        ./spyglass-1/cdc/cdc_verify_struct/spyglass_reports/sdc2sgdc/sdc2sgdc.sgdc.45004    1       10    Sgdc file "./spyglass-1/cdc/cdc_verify_struct/spyglass_reports/sdc2sgdc/sdc2sgdc.sgdc.45004" generated after successful SDC2SGDC translation
[25]     SDC_Mapping01                                   Info        N.A                                                                                 0       10    Mapping of SDC Commands Generated
+++++++++++++++++++++++++++++++++++++++++++++++++++++++++++++++++++++++++++++++++++++++


############### Non-BuiltIn -> Goal=cdc/cdc_verify_struct ###############
+++++++++++++++++++++++++++++++++++++++++++++++++++++++++++++++++++++++++++++++++++++++
ID       Rule                    Alias    Severity    File                                                                                      Line    Wt    Message
======================================================================================
[44]     Ac_crossing01                    Info        ../rtl/SYS_TOP/SYS_TOP.v                                                                  10      10    CrossingMatrix spreadsheet generated for design 'SYS_TOP'
[3D]     Ac_sync01                        Info        ../rtl/CLK_Divider/ClkDiv.v                                                               42      2     Synchronized Crossing: destination flop SYS_TOP.U_ClkDiv_RX.div_clk_reg, clocked by SYS_TOP.UART_CLK, source flop SYS_TOP.U_RegFile.regArr[2][7:2], clocked by SYS_TOP.REF_CLK, by method: does not require synchronization (long-delay/quasi-static) [Total Sources: 1 (Number of source domains: 1)]
[3F]     Ac_sync01                        Info        ../rtl/CLK_Divider/ClkDiv.v                                                               42      2     Synchronized Crossing: destination flop SYS_TOP.U_ClkDiv_TX.div_clk_reg, clocked by SYS_TOP.UART_CLK, source flop SYS_TOP.U_RegFile.regArr[3][7:0], clocked by SYS_TOP.REF_CLK, by method: does not require synchronization (long-delay/quasi-static) [Total Sources: 1 (Number of source domains: 1)]
[2C]     Ac_sync01                        Info        ../rtl/UART/UART_RX/UART_RX_FSM.sv                                                        126     2     Synchronized Crossing: destination flop SYS_TOP.U_UART.U0_UART_RX.UART_RX_FSM_Block.data_valid, clocked by SYS_TOP.UART_CLK, source flop SYS_TOP.U_RegFile.regArr[2][7:2], clocked by SYS_TOP.REF_CLK, by method: does not require synchronization (long-delay/quasi-static) [Total Sources: 2 (Number of source domains: 1)]
[37]     Ac_sync01                        Info        ../rtl/UART/UART_RX/parity_Check.v                                                        16      2     Synchronized Crossing: destination flop SYS_TOP.U_UART.U0_UART_RX.parity_Check_Block.par_err, clocked by SYS_TOP.UART_CLK, source flop SYS_TOP.U_RegFile.regArr[2][7:3], clocked by SYS_TOP.REF_CLK, by method: does not require synchronization (long-delay/quasi-static) [Total Sources: 2 (Number of source domains: 1)]
[34]     Ac_sync01                        Info        ../rtl/UART/UART_RX/stop_Check.v                                                          14      2     Synchronized Crossing: destination flop SYS_TOP.U_UART.U0_UART_RX.stop_Check_BLock.stp_err, clocked by SYS_TOP.UART_CLK, source flop SYS_TOP.U_RegFile.regArr[2][7:3], clocked by SYS_TOP.REF_CLK, by method: does not require synchronization (long-delay/quasi-static) [Total Sources: 1 (Number of source domains: 1)]
[35]     Ac_sync01                        Info        ../rtl/UART/UART_RX/strt_Check.v                                                          12      2     Synchronized Crossing: destination flop SYS_TOP.U_UART.U0_UART_RX.strt_Check_Block.strt_glitch, clocked by SYS_TOP.UART_CLK, source flop SYS_TOP.U_RegFile.regArr[2][7:3], clocked by SYS_TOP.REF_CLK, by method: does not require synchronization (long-delay/quasi-static) [Total Sources: 1 (Number of source domains: 1)]
[2F]     Ac_sync01                        Info        ../rtl/UART/UART_TX/parity_Calc.v                                                         10      2     Synchronized Crossing: destination flop SYS_TOP.U_UART.U0_UART_TX.Parity_Calc_Block.parBit, clocked by SYS_TOP.UART_CLK, source flop SYS_TOP.U_ASYNC_FIFO.FIFO_Memory_Block.RAM[7:0][7:0], clocked by SYS_TOP.REF_CLK, by method: Enable Based Synchronizer [Total Sources: 2 (Number of source domains: 1)]
[29]     Ac_sync02                        Info        ../rtl/ASYNC_FIFO/DF_SYNC.v                                                               18      2     Synchronized Crossing: destination flop SYS_TOP.U_ASYNC_FIFO.sync_r2w.Synchronizer[0][3:0], clocked by SYS_TOP.REF_CLK, source flop SYS_TOP.U_ASYNC_FIFO.FIFO_RD_Block.rptr[3:0], clocked by SYS_TOP.UART_CLK, by method: Conventional multi-flop for metastability technique [Total Sources: 1 (Number of source domains: 1)]
[3C]     Ac_sync02                        Info        ../rtl/ASYNC_FIFO/DF_SYNC.v                                                               18      2     Synchronized Crossing: destination flop SYS_TOP.U_ASYNC_FIFO.sync_w2r.Synchronizer[0][3:0], clocked by SYS_TOP.UART_CLK, source flop SYS_TOP.U_ASYNC_FIFO.FIFO_WR_Block.wptr[3:0], clocked by SYS_TOP.REF_CLK, by method: Conventional multi-flop for metastability technique [Total Sources: 1 (Number of source domains: 1)]
[3E]     Ac_sync02                        Info        ../rtl/CLK_Divider/ClkDiv.v                                                               41      2     Synchronized Crossing: destination flop SYS_TOP.U_ClkDiv_RX.counter[7:0], clocked by SYS_TOP.UART_CLK, source flop SYS_TOP.U_RegFile.regArr[2][7:2], clocked by SYS_TOP.REF_CLK, by method: does not require synchronization (long-delay/quasi-static) [Total Sources: 1 (Number of source domains: 1)]
[40]     Ac_sync02                        Info        ../rtl/CLK_Divider/ClkDiv.v                                                               41      2     Synchronized Crossing: destination flop SYS_TOP.U_ClkDiv_TX.counter[7:0], clocked by SYS_TOP.UART_CLK, source flop SYS_TOP.U_RegFile.regArr[3][7:0], clocked by SYS_TOP.REF_CLK, by method: does not require synchronization (long-delay/quasi-static) [Total Sources: 1 (Number of source domains: 1)]
[2A]     Ac_sync02                        Info        ../rtl/DATA_SYNC/DATA_SYNC.v                                                              22      2     Synchronized Crossing: destination flop SYS_TOP.U_Data_Sync_RX.Multi_Flip_Flop_Synchronizer[1], clocked by SYS_TOP.REF_CLK, source flop SYS_TOP.U_UART.U0_UART_RX.UART_RX_FSM_Block.data_valid, clocked by SYS_TOP.UART_CLK, by method: Conventional multi-flop for metastability technique [Total Sources: 1 (Number of source domains: 1)]
[28]     Ac_sync02                        Info        ../rtl/DATA_SYNC/DATA_SYNC.v                                                              26      2     Synchronized Crossing: destination flop SYS_TOP.U_Data_Sync_RX.sync_bus[7:0], clocked by SYS_TOP.REF_CLK, source flop SYS_TOP.U_UART.U0_UART_RX.deserializer_Block.P_DATA[7:0], clocked by SYS_TOP.UART_CLK, by method: Enable Based Synchronizer [Total Sources: 1 (Number of source domains: 1)]
[39]     Ac_sync02                        Info        ../rtl/UART/UART_RX/UART_RX_FSM.sv                                                        36      2     Synchronized Crossing: destination flop SYS_TOP.U_UART.U0_UART_RX.UART_RX_FSM_Block.currentState[2:0], clocked by SYS_TOP.UART_CLK, source flop SYS_TOP.U_RegFile.regArr[2][7:2], clocked by SYS_TOP.REF_CLK, by method: does not require synchronization (long-delay/quasi-static) [Total Sources: 2 (Number of source domains: 1)]
[3A]     Ac_sync02                        Info        ../rtl/UART/UART_RX/data_sampling.v                                                       24      2     Synchronized Crossing: destination flop SYS_TOP.U_UART.U0_UART_RX.data_sampling_Block.majority_reg[2:0], clocked by SYS_TOP.UART_CLK, source flop SYS_TOP.U_RegFile.regArr[2][7:3], clocked by SYS_TOP.REF_CLK, by method: does not require synchronization (long-delay/quasi-static) [Total Sources: 1 (Number of source domains: 1)]
[3B]     Ac_sync02                        Info        ../rtl/UART/UART_RX/data_sampling.v                                                       25      2     Synchronized Crossing: destination flop SYS_TOP.U_UART.U0_UART_RX.data_sampling_Block.inner_counter[1:0], clocked by SYS_TOP.UART_CLK, source flop SYS_TOP.U_RegFile.regArr[2][7:3], clocked by SYS_TOP.REF_CLK, by method: does not require synchronization (long-delay/quasi-static) [Total Sources: 1 (Number of source domains: 1)]
[2D]     Ac_sync02                        Info        ../rtl/UART/UART_RX/deserializer.v                                                        11      2     Synchronized Crossing: destination flop SYS_TOP.U_UART.U0_UART_RX.deserializer_Block.P_DATA[7:0], clocked by SYS_TOP.UART_CLK, source flop SYS_TOP.U_RegFile.regArr[2][7:3], clocked by SYS_TOP.REF_CLK, by method: does not require synchronization (long-delay/quasi-static) [Total Sources: 1 (Number of source domains: 1)]
[32]     Ac_sync02                        Info        ../rtl/UART/UART_RX/edge_bit_counter.v                                                    26      2     Synchronized Crossing: destination flop SYS_TOP.U_UART.U0_UART_RX.edge_bit_counter_BLock.bit_cnt[3:0], clocked by SYS_TOP.UART_CLK, source flop SYS_TOP.U_RegFile.regArr[2][7:2], clocked by SYS_TOP.REF_CLK, by method: does not require synchronization (long-delay/quasi-static) [Total Sources: 1 (Number of source domains: 1)]
[33]     Ac_sync02                        Info        ../rtl/UART/UART_RX/edge_bit_counter.v                                                    29      2     Synchronized Crossing: destination flop SYS_TOP.U_UART.U0_UART_RX.edge_bit_counter_BLock.edge_cnt[4:0], clocked by SYS_TOP.UART_CLK, source flop SYS_TOP.U_RegFile.regArr[2][7:2], clocked by SYS_TOP.REF_CLK, by method: does not require synchronization (long-delay/quasi-static) [Total Sources: 1 (Number of source domains: 1)]
[31]     Ac_sync02                        Info        ../rtl/UART/UART_TX/Serializer.v                                                          12      2     Synchronized Crossing: destination flop SYS_TOP.U_UART.U0_UART_TX.Serializer_Block.pDataReg[7:0], clocked by SYS_TOP.UART_CLK, source flop SYS_TOP.U_ASYNC_FIFO.FIFO_Memory_Block.RAM[7:0][7:0], clocked by SYS_TOP.REF_CLK, by method: Enable Based Synchronizer [Total Sources: 1 (Number of source domains: 1)]
[30]     Ac_sync02                        Info        ../rtl/UART/UART_TX/UART_TX_FSM.sv                                                        37      2     Synchronized Crossing: destination flop SYS_TOP.U_UART.U0_UART_TX.FSM_Block.currentState[2], clocked by SYS_TOP.UART_CLK, source flop SYS_TOP.U_RegFile.regArr[2][0], clocked by SYS_TOP.REF_CLK, by method: does not require synchronization (long-delay/quasi-static) [Total Sources: 1 (Number of source domains: 1)]
[48]     Ar_sync01                        Info        ../rtl/CLK_Divider/ClkDiv.v                                                               42      10    Reset signal 'SYS_TOP.RST' for 'clear' pin of flop 'SYS_TOP.U_ClkDiv_RX.div_clk_reg', clocked by 'SYS_TOP.UART_CLK', is synchronized by method: Multi-flop reset synchronizer (Name:SYS_TOP.RST_SYNC_2.Synchronizer[0])
[49]     Ar_sync01                        Info        ../rtl/RegFile/RegFile.v                                                                  51      10    Reset signal 'SYS_TOP.RST' for 'clear' pin of flop 'SYS_TOP.U_RegFile.RdData_VLD', clocked by 'SYS_TOP.REF_CLK', is synchronized by method: Multi-flop reset synchronizer (Name:SYS_TOP.RST_SYNC_1.Synchronizer[0])
[4B]     Ar_syncdeassert01                Info        ../rtl/CLK_Divider/ClkDiv.v                                                               42      10    Reset signal 'SYS_TOP.RST' for 'clear' pin of flop 'SYS_TOP.U_ClkDiv_RX.div_clk_reg', synchronously de-asserts relative to clock signal 'SYS_TOP.UART_CLK'
[4A]     Ar_syncdeassert01                Info        ../rtl/RegFile/RegFile.v                                                                  51      10    Reset signal 'SYS_TOP.RST' for 'clear' pin of flop 'SYS_TOP.U_RegFile.RdData_VLD', synchronously de-asserts relative to clock signal 'SYS_TOP.REF_CLK'
[46]     Clock_info02                     Info        N.A.                                                                                      0       2     Clock Tree generated
[55]     Clock_info15                     Info        N.A.                                                                                      0       2     Port-Clock information generated for PortClockMatrix report
[26]     Propagate_Clocks                 Info        ../rtl/SYS_TOP/SYS_TOP.v                                                                  16      2     For SYS_TOP, clock(s) 'SYS_TOP.REF_CLK' of domain 'd0' propagated
[27]     Propagate_Clocks                 Info        ../rtl/SYS_TOP/SYS_TOP.v                                                                  17      2     For SYS_TOP, clock(s) 'SYS_TOP.UART_CLK' of domain 'd1' propagated
[45]     Propagate_Resets                 Info        ../rtl/SYS_TOP/SYS_TOP.v                                                                  18      2     For SYS_TOP, reset 'SYS_TOP.RST' propagated
[47]     Reset_info02                     Info        N.A.                                                                                      0       2     Reset Tree generated
[43]     Setup_quasi_static01             Info        ./spyglass-1/cdc/cdc_verify_struct/spyglass_reports/clock-reset/auto_quasi_static.sgdc    25      2     For design 'SYS_TOP', '1' quasi_static constraint(s) inferred
+++++++++++++++++++++++++++++++++++++++++++++++++++++++++++++++++++++++++++++++++++++++
