
################################################################################
#
# This file has been generated by SpyGlass:
#     Report Name      : no_msg_reporting_rules
#     Report Created by: ICer
#     Report Created on:  Fri Oct  2 06:45:39 2026
#     Working Directory: /home/ICer/IC/Projects/System/spyglass
#     SpyGlass Version : SpyGlass_vL-2016.06
#     Policy Name      : SpyGlass(SpyGlass_vL-2016.06)
#                        clock-reset(SpyGlass_vL-2016.06)
#
#     Total Number of Generated Messages :         43
#     Number of Waived Messages          :          3
#     Number of Reported Messages        :         40
#     Number of Overlimit Messages       :          0
#
#
################################################################################

NO VIOLATION RULE REPORT :
++++++++++++++++++++++++++++++++++++++++++++++++++++++++++++++++++++++++++++++++

Following rules did not produce any violation or waived off during spyglass run

++++++++++++++++++++++++++++++++++++++++++++++++++++++++++++++++++++++++++++++++


================================================================================
	INDEX                                   RULE-NAME
================================================================================
	1                                  Ac_abstract_validation01
	2                                  Ac_clockperiod01
	3                                  Ac_clockperiod02
	4                                  Ac_clockperiod03
	5                                  Ac_coherency06
	6                                  Ac_conv01
	7                                  Ac_conv03
	8                                  Ac_glitch03
	9                                  Ac_resetvalue01
	10                                 Ac_unsync01
	11                                 Ac_unsync02
	12                                 Ar_asyncdeassert01
	13                                 Ar_converge01
	14                                 Ar_syncrst_setupcheck01
	15                                 Ar_syncrstactive01
	16                                 Ar_syncrstcombo01
	17                                 Ar_syncrstload01
	18                                 Ar_syncrstload02
	19                                 Ar_syncrstpragma01
	20                                 Ar_syncrstrtl01
	21                                 Ar_unsync01
	22                                 Clock_check10
	23                                 Clock_converge01
	24                                 Clock_info03a
	25                                 Clock_info03b
	26                                 Clock_info03c
	27                                 Clock_info05
	28                                 Clock_info05b
	29                                 Clock_sync05
	30                                 Clock_sync06
	31                                 FalsePathSetup
	32                                 Reset_check03
	33                                 Reset_check10
	34                                 Reset_check11
	35                                 Reset_check12
	36                                 Reset_info09a
	37                                 Reset_sync02
	38                                 Reset_sync04
	39                                 SGDC_abstract_mapping01
	40                                 Setup_port01
================================================================================
