
################################################################################
#
# This file has been generated by SpyGlass:
#     Report Name      : waiver
#     Report Created by: ICer
#     Report Created on:  Fri Oct  2 06:45:39 2026
#     Working Directory: /home/ICer/IC/Projects/System/spyglass
#     SpyGlass Version : SpyGlass_vL-2016.06
#     Policy Name      : SpyGlass(SpyGlass_vL-2016.06)
#                        clock-reset(SpyGlass_vL-2016.06)
#
#     Total Number of Generated Messages :         43
#     Number of Waived Messages          :          3
#     Number of Reported Messages        :         40
#     Number of Overlimit Messages       :          0
#
#     Total Number of Waivers                            :          4
#     Number of Waivers Applied                          :          4
#     Number of Waivers with Regex and/or wildcard       :          0
#     Number of Waivers with -rule                       :          4
#     Number of Waivers with line number and/or file info:          0
#     Number of Waive -IP commands                       :          0
#
#
################################################################################

WAIVER REPORT:
+++++++++++++++++++++++++++++++++++++++++++++++++++++++++++++++++++++++++++++++

Design Issues Waiver Report
+++++++++++++++++++++++++++++++++++++++++++++++++++++++++++++++++++++++++++++++

Waiver comment : Created by ICer on 02-Oct-2026 05:14:19
waive -rule "Setup_port01" 
#spg_backref : "./spyglass-1/cdc/cdc_verify_struct/spyglass-1_waiver_file.awl" 2

2 message(s) waived:
===============================================================================
Index    Rule         Severity File                                                                                        Line Wt Message
===============================================================================
[54]     Setup_port01 Error    ../rtl/SYS_TOP/SYS_TOP.v                                                                    10   2  Port coverage for top design unit 'SYS_TOP' is: '1' (25.00 %) port(s) not fully constrained
[56]     Setup_port01 Info     ./spyglass-1/cdc/cdc_verify_struct/spyglass_reports/clock-reset/SYS_TOP_input_abstract.sgdc 0    2  Abstracted sgdc file for input ports of block 'SYS_TOP' is generated
===============================================================================

Waiver comment : Created by ICer on 02-Oct-2026 05:58:26
waive -msg q%5 synchronizers (SYS_TOP.U_ASYNC_FIFO.sync_r2w.Synchronizer[0][3:0],SYS_TOP.U_Data_Sync_RX.Multi_Flip_Flop_Synchronizer[1]) converge on flop 'SYS_TOP.U_SYS_CTRL.cmd_reg[7]'% \
      -rule "Ac_conv01" 
#spg_backref : "./spyglass-1/cdc/cdc_verify_struct/spyglass-1_waiver_file.awl" 4

1 message(s) waived:
===============================================================================
Index    Rule      Severity File                       Line Wt Message
===============================================================================
[59]     Ac_conv01 Warning  ../rtl/SYS_CTRL/SYS_CTRL.v 99   2  5 synchronizers (SYS_TOP.U_ASYNC_FIFO.sync_r2w.Synchronizer[0][3:0],SYS_TOP.U_Data_Sync_RX.Multi_Flip_Flop_Synchronizer[1]) converge on flop 'SYS_TOP.U_SYS_CTRL.cmd_reg[7]'
===============================================================================

===============================================================================
Design Issues Waivers Waiving Zero Violations
===============================================================================
Waiver comment : Created by ICer on 02-Oct-2026 05:14:19
waive -rule "Ac_glitch03" 
#spg_backref : "./spyglass-1/cdc/cdc_verify_struct/spyglass-1_waiver_file.awl" 1

Waiver comment : Created by ICer on 02-Oct-2026 05:31:59
waive -msg q%4 synchronizers (SYS_TOP.U_ASYNC_FIFO.sync_r2w.Synchronizer[0][1:0],SYS_TOP.U_ASYNC_FIFO.sync_r2w.Synchronizer[0][3:2]) converge on combinational gate 'SYS_TOP.FIFO_FULL' (same source divergence). Gray encoding check: 'DISABLED'% \
      -rule "Ac_conv02" 
#spg_backref : "./spyglass-1/cdc/cdc_verify_struct/spyglass-1_waiver_file.awl" 3

===============================================================================

