
################################################################################
#
# This file has been generated by SpyGlass:
#     Report Name      : moresimple
#     Report Created by: ICer
#     Report Created on:  Fri Oct  2 05:00:19 2026
#     Working Directory: /home/ICer/IC/Projects/System/spyglass
#     SpyGlass Version : SpyGlass_vL-2016.06
#     Policy Name      : SpyGlass(SpyGlass_vL-2016.06)
#                        clock-reset(SpyGlass_vL-2016.06)
#                        latch(SpyGlass_vL-2016.06)
#                        morelint(SpyGlass_vL-2016.06)
#                        openmore(SpyGlass_vL-2016.06)
#                        power_est(SpyGlass_vL-2016.06)
#                        starc(SpyGlass_vL-2016.06)
#                        timing(SpyGlass_vL-2016.06)
#                        txv(SpyGlass_vL-2016.06)
#
#     Total Number of Generated Messages :          7
#     Number of Waived Messages          :          0
#     Number of Reported Messages        :          7
#     Number of Overlimit Messages       :          0
#
#
################################################################################

+++++++++++++++++++++++++++++++++++++++++++++++++++++++++++++++++++++++
MORESIMPLE REPORT:


############### BuiltIn -> RuleGroup=Command-line read ###############
+++++++++++++++++++++++++++++++++++++++++++++++++++++++++++++++++++++++++++++++++++++++
ID       Rule           Alias          Severity    File    Line    Wt    Message
======================================================================================
[3]      CMD_sglib03    SglibUnused    Info        N.A     -1      10    No Cell has been used in design from sglib file './spyglass-1/spyglass_cache/autogenerated_sglib/aggregate.sglib'
+++++++++++++++++++++++++++++++++++++++++++++++++++++++++++++++++++++++++++++++++++++++


############### BuiltIn -> RuleGroup=Design Read ###############
+++++++++++++++++++++++++++++++++++++++++++++++++++++++++++++++++++++++++++++++++++++++
ID       Rule                    Alias                   Severity    File                                                                                               Line    Wt    Message
======================================================================================
[2]      DetectTopDesignUnits    DetectTopDesignUnits    Info        ../rtl/SYS_TOP/SYS_TOP.v                                                                           10      2     Module SYS_TOP is a top level design unit
[0]      AutoGenerateSglib       AutoGenerateSglib       Info        ./spyglass-1/spyglass_cache/autogenerated_sglib/lc/spyglass_lc_aggregate_reports/moresimple.rpt    0       2     Sglib './spyglass-1/spyglass_cache/autogenerated_sglib/aggregate.sglib' has been auto-generated successfully
[1B]     Domain_Matrix01                                 Info        ../cdc/SYS_TOP.sgdc                                                                                4       10    Domain Matrix for design "SYS_TOP",  based on the individual constraints defined in the SDC as inferred in the Sta mode
[1]      ElabSummary             ElabSummary             Info        ./spyglass-1/Design_Read/spyglass_reports/SpyGlass/elab_summary.rpt                                0       2     Please refer file './spyglass-1/Design_Read/spyglass_reports/SpyGlass/elab_summary.rpt' for elab summary report
[25]     SDC2SGDC_INFO                                   Info        ./spyglass-1/Design_Read/spyglass_reports/sdc2sgdc/sdc2sgdc.sgdc.45004                             1       10    Sgdc file "./spyglass-1/Design_Read/spyglass_reports/sdc2sgdc/sdc2sgdc.sgdc.45004" generated after successful SDC2SGDC translation
[26]     SDC_Mapping01                                   Info        N.A                                                                                                0       10    Mapping of SDC Commands Generated
+++++++++++++++++++++++++++++++++++++++++++++++++++++++++++++++++++++++++++++++++++++++
