
################################################################################
################################################################################
#
# This file has been generated by SpyGlass:
#     Report Created by: ICer
#     Report Created on: Fri Oct  2 06:46:13 2026
#     Working Directory: /home/ICer/IC/Projects/System/spyglass
#     Report Location  : ./spyglass-1/cdc/cdc_verify/spyglass_reports/clock-reset/adv_cdc.rpt
#     SpyGlass Version : SpyGlass_vL-2016.06
#     Policy Name      : clock-reset(SpyGlass_vL-2016.06)
#     Comment          : Generated by clock-reset
#
################################################################################


################################################################################
#
# Purpose: 
#   This report contains the functional analysis statistics of a design.
#
# Format: 
#   It contains the following sections :
#   Section A: Clock Information
#     Lists the clock information of the design 
#   Section B: Reset Information
#     Lists the reset information of the design 
#   Section C: Set-Case Analysis Settings
#     Lists the set case analysis settings used in the design 
#   Section D: Initial State of the Design
#     Lists the initial-state statistics of the design along with the 
#     reset percentage. The initial state of each register can be seen 
#     in adv_cdc.reg file.
#   Section E: Results Summary (Current) 
#     Lists the statistics of the assertions formed for each rule.
#     Following is a description of the columns of this table:
#       Passed           - Assertions that prove are listed here
#       Failed           - Assertions that fail are listed here
#       Partially Proved - Assertions that remain unconcluded are listed along
#                          with the average depth of formal analysis
#       Not Analyzed     - This column gets populated in audit mode(-fa_audit)
#       Others           - Lists those assertions for which functional analysis
#                          could not be carried out either due to Conflicting
#                          Constraints or due to some Internal-Error
#   Section F: Results Summary (Cumulative) 
#     Lists the summary of cumulative set of assertions formed in the current 
#     run and the information of earlier runs in the property file. This section 
#     is printed when you specify a property file using the -fa_propfile
#     command-line option.
#   Section G: Assertion Details
#     Lists the assertion details. In case of failures and partially proved 
#     assertions, the depth information is also reported. 
#     The format for this is : 
#       <CycleDepth> (<Depth>) where
#           <CycleDepth> - Number of cycles of the fastest clock till that depth
#           <Depth>      - Verification Depth till which the assertion was evaluated
################################################################################

Section A: Clock Information
=============================

(clock): (period); (clock source); (rising/falling); (edgeList); (no. of flops on posedge); (no. of flops on negedge)
-----------------------------------------------------------------------------------------------------
SYS_TOP.UART_CLK: 271.50; SGDC; Rising; (0.0, 135.7); 83; 0
SYS_TOP.REF_CLK: 20.00; SGDC; Rising; (0.0, 10.0); 347; 0

Design Cycle: 1164

##########################################################################################################


Section B: Resets Information
==============================

(reset) ; (value)
------------------------
SYS_TOP.RST ; Active Low

##########################################################################################################


Section C: Set-Case Analysis Settings
==============================

 No set_case_analysis found

################################################################################

Section D: Initial State of the Design
======================================

Total no of FFs: 367
No of '1's: 3
No of '0's: 300
No of 'x's: 64
RESET PERCENTAGE for root 'SYS_TOP'(367 flops) is '82.56%'

################################################################################

Section E: Results Summary (Current)
====================================

------------------------------------------------------------------------------------------------------------------------
RuleName            Passed         Failed         Partially Proved         Not Analyzed         Others         Total
                                                   (Average Depth) 
------------------------------------------------------------------------------------------------------------------------
Ac_cdc01a              0              0                   1(200)                 0                 0             1
Ac_datahold01a         1              0                   2(200)                 0                 0             3
------------------------------------------------------------------------------------------------------------------------
Total                  1              0                   3                      0                 0             4
------------------------------------------------------------------------------------------------------------------------

################################################################################

Section F: Results Summary (Cumulative)
========================================

NOT APPLICABLE (AS NO PROPERTY FILE PASSED)

################################################################################

Section G:  Assertion Details
===============================


RuleName: Ac_cdc01a 
-----------------------
1. (Hier:SYS_TOP.U_ASYNC_FIFO.sync_w2r) SFlop:SYS_TOP.U_ASYNC_FIFO.wptr_inner[3] SClk:SYS_TOP.REF_CLK DFlop:SYS_TOP.U_ASYNC_FIFO.sync_w2r.Synchronizer[0][3] DClk:SYS_TOP.UART_CLK, ../rtl/ASYNC_FIFO/DF_SYNC.v, 18, :  Partially-Proved through depth 93(200), [Flop-Count:160, Design-Cycle:1164]

================================================================================

RuleName: Ac_datahold01a 
-----------------------
1. (Hier:SYS_TOP.U_Data_Sync_RX) Des: "SYS_TOP.U_Data_Sync_RX.\sync_bus_reg[0] .Q", Src: "SYS_TOP.U_UART.U0_UART_RX.deserializer_Block.\P_DATA_reg[0] .Q", ../rtl/DATA_SYNC/DATA_SYNC.v, 26, :  PROVED
2. (Hier:SYS_TOP.U_UART.U0_UART_TX.Parity_Calc_Block) Des: "SYS_TOP.U_UART.U0_UART_TX.Parity_Calc_Block.parBit_reg.Q", Src: "SYS_TOP.U_ASYNC_FIFO.FIFO_Memory_Block.\RAM_reg[7][0] .Q", ../rtl/UART/UART_TX/parity_Calc.v, 10, :  Partially-Proved through depth 93(200), [Flop-Count:367, Design-Cycle:1164]
3. (Hier:SYS_TOP.U_UART.U0_UART_TX.Serializer_Block) Des: "SYS_TOP.U_UART.U0_UART_TX.Serializer_Block.\pDataReg_reg[0] .Q", Src: "SYS_TOP.U_ASYNC_FIFO.FIFO_Memory_Block.\RAM_reg[7][0] .Q", ../rtl/UART/UART_TX/Serializer.v, 12, :  Partially-Proved through depth 93(200), [Flop-Count:367, Design-Cycle:1164]

================================================================================

################################################################################

################################################################################
