
################################################################################
#
# This file has been generated by SpyGlass:
#     Report Name      : CKTree
#     Report Created by: ICer
#     Report Created on:  Fri Oct  2 06:45:52 2026
#     Working Directory: /home/ICer/IC/Projects/System/spyglass
#     SpyGlass Version : SpyGlass_vL-2016.06
#     Policy Name      : clock-reset(SpyGlass_vL-2016.06)
#     Comment          : Report generated by rule Clock_info02
#
################################################################################

################################################################################
# 
# Purpose: 
#     This report shows the clock trees for clocks. It is generated if rule
#     Clock_info02 has been enabled and clock constraints have been defined 
#     or parameter use_inferred_clocks enabled.
#     This report is sensitive to any case analysis settings that have been set.
# 
# Format: 
#     Clock tree is shown in a tree-like format.(The nodes are indented according to
#     their position in hierarchy,"`--" is  used to indicate whether a net/cell is
#     the last child at a particular level,"|--" is used for rest of the nodes. The
#     level is also printed in braces before every net/cell).
#     The (+)/(-) suffix to a leaf-level cell output net name indicates the clock
#     polarity reaching the flip-flop.
#     When (x) suffix is present, it indicates that clock polarity could not be
#     uniquely determined.
# 
#     A leaf on the tree can be one of:
#     a. A register inferred from the RTL - the hierarchical name of the registered
#                   net is shown along with the polarity of the clock at that point
# 
#     b. A black box - the hierarchical name of the black box instance is annotated
#                   with its master name, the name of the pin connected to the clock,
#                   the polarity of the clock and (Black-Box) to indicate that this
#                   is a black box
# 
#     c. A latch inferred from the RTL - the hierarchical name of the latched net is
#                   shown along with the polarity of the clock and (Latch) to indicate
#                   that this is latched net. For a latch to be a leaf, the enable
#                   pin of the latch should be connected to the clock.
# 
#     d. A sequential leaf cell - the hierarchical name of the sequential instance,
#                   which is neither known to be a flop nor a latch, is annotated
#                   with its master name, the name of the pin connected to the clock,
#                   the polarity of the clock and (Sequential Logic Cell) to indicate
#                   that this is a sequential leaf cell
# 
#     The intermediate nodes of a tree can be one of:
#     a. A net - the hierarchical name of the net found while walking along a path
#                from the root of the tree to a leaf is shown
#     b. A register inferred from the RTL - this is possible when the register is a
#                divide-by-two counter used to divide the clock frequency by two. The
#                hierarchical name of the registered net is shown along with the
#                polarity of the clock at that point.
# 
#     If the same intermediate node is observed more than once on different paths
#     from root to leaves, then the sub-tree beyond this node is shown only after its
#     first occurence in the tree. For the other occurences, a reference to the 
#     sub-tree is shown. This rule is recursively followed for the sub-trees also.
################################################################################

============================================
ROOT CLOCK: SYS_TOP.UART_CLK
|-- (1)SYS_TOP.RST_SYNC_2.Synchronizer[0] (+)
|-- (1)SYS_TOP.RST_SYNC_2.Synchronizer[1] (+)
|-- (1)SYS_TOP.U_ClkDiv_RX.div_clk_reg (+)
|-- (1)SYS_TOP.U_ClkDiv_RX.counter[0] (+)
|-- (1)SYS_TOP.U_ClkDiv_RX.counter[1] (+)
|-- (1)SYS_TOP.U_ClkDiv_RX.counter[2] (+)
|-- (1)SYS_TOP.U_ClkDiv_RX.counter[3] (+)
|-- (1)SYS_TOP.U_ClkDiv_RX.counter[4] (+)
|-- (1)SYS_TOP.U_ClkDiv_RX.counter[5] (+)
|-- (1)SYS_TOP.U_ClkDiv_RX.counter[6] (+)
|-- (1)SYS_TOP.U_ClkDiv_RX.counter[7] (+)
|-- (1)SYS_TOP.U_ClkDiv_TX.div_clk_reg (+)
|-- (1)SYS_TOP.U_ClkDiv_TX.counter[0] (+)
|-- (1)SYS_TOP.U_ClkDiv_TX.counter[1] (+)
|-- (1)SYS_TOP.U_ClkDiv_TX.counter[2] (+)
|-- (1)SYS_TOP.U_ClkDiv_TX.counter[3] (+)
|-- (1)SYS_TOP.U_ClkDiv_TX.counter[4] (+)
|-- (1)SYS_TOP.U_ClkDiv_TX.counter[5] (+)
|-- (1)SYS_TOP.U_ClkDiv_TX.counter[6] (+)
|-- (1)SYS_TOP.U_ClkDiv_TX.counter[7] (+)
|-- (1)SYS_TOP.U_ClkDiv_TX.div_clk_reg
|   `-- (2)SYS_TOP.TX_CLK
|       |-- (3)SYS_TOP.U_UART.U0_UART_TX.FSM_Block.currentState[0] (+)
|       |-- (3)SYS_TOP.U_UART.U0_UART_TX.FSM_Block.currentState[1] (+)
|       |-- (3)SYS_TOP.U_UART.U0_UART_TX.FSM_Block.currentState[2] (+)
|       |-- (3)SYS_TOP.U_UART.U0_UART_TX.Serializer_Block.pDataReg[0] (+)
|       |-- (3)SYS_TOP.U_UART.U0_UART_TX.Serializer_Block.pDataReg[1] (+)
|       |-- (3)SYS_TOP.U_UART.U0_UART_TX.Serializer_Block.pDataReg[2] (+)
|       |-- (3)SYS_TOP.U_UART.U0_UART_TX.Serializer_Block.pDataReg[3] (+)
|       |-- (3)SYS_TOP.U_UART.U0_UART_TX.Serializer_Block.pDataReg[4] (+)
|       |-- (3)SYS_TOP.U_UART.U0_UART_TX.Serializer_Block.pDataReg[5] (+)
|       |-- (3)SYS_TOP.U_UART.U0_UART_TX.Serializer_Block.pDataReg[6] (+)
|       |-- (3)SYS_TOP.U_UART.U0_UART_TX.Serializer_Block.pDataReg[7] (+)
|       |-- (3)SYS_TOP.U_UART.U0_UART_TX.Serializer_Block.counter[0] (+)
|       |-- (3)SYS_TOP.U_UART.U0_UART_TX.Serializer_Block.counter[1] (+)
|       |-- (3)SYS_TOP.U_UART.U0_UART_TX.Serializer_Block.counter[2] (+)
|       |-- (3)SYS_TOP.U_UART.U0_UART_TX.Serializer_Block.counter[3] (+)
|       |-- (3)SYS_TOP.U_UART.U0_UART_TX.parBitInternal (+)
|       |-- (3)SYS_TOP.U_PULSE_GEN.pls_flop (+)
|       |-- (3)SYS_TOP.U_PULSE_GEN.rcv_flop (+)
|       |-- (3)SYS_TOP.U_ASYNC_FIFO.sync_w2r.Synchronizer[0][0] (+)
|       |-- (3)SYS_TOP.U_ASYNC_FIFO.sync_w2r.Synchronizer[0][1] (+)
|       |-- (3)SYS_TOP.U_ASYNC_FIFO.sync_w2r.Synchronizer[0][2] (+)
|       |-- (3)SYS_TOP.U_ASYNC_FIFO.sync_w2r.Synchronizer[0][3] (+)
|       |-- (3)SYS_TOP.U_ASYNC_FIFO.sync_w2r.Synchronizer[1][0] (+)
|       |-- (3)SYS_TOP.U_ASYNC_FIFO.sync_w2r.Synchronizer[1][1] (+)
|       |-- (3)SYS_TOP.U_ASYNC_FIFO.sync_w2r.Synchronizer[1][2] (+)
|       |-- (3)SYS_TOP.U_ASYNC_FIFO.sync_w2r.Synchronizer[1][3] (+)
|       |-- (3)SYS_TOP.U_ASYNC_FIFO.FIFO_RD_Block.raddr_total[0] (+)
|       |-- (3)SYS_TOP.U_ASYNC_FIFO.FIFO_RD_Block.raddr_total[1] (+)
|       |-- (3)SYS_TOP.U_ASYNC_FIFO.FIFO_RD_Block.raddr_total[2] (+)
|       |-- (3)SYS_TOP.U_ASYNC_FIFO.FIFO_RD_Block.raddr_total[3] (+)
|       |-- (3)SYS_TOP.U_ASYNC_FIFO.rptr_inner[0] (+)
|       |-- (3)SYS_TOP.U_ASYNC_FIFO.rptr_inner[1] (+)
|       |-- (3)SYS_TOP.U_ASYNC_FIFO.rptr_inner[2] (+)
|       `-- (3)SYS_TOP.U_ASYNC_FIFO.rptr_inner[3] (+)
|-- (1)SYS_TOP.U_ClkDiv_RX.div_clk_reg
|   `-- (2)SYS_TOP.RX_CLK
|       |-- (3)SYS_TOP.U_UART.U0_UART_RX.UART_RX_FSM_Block.currentState[0] (+)
|       |-- (3)SYS_TOP.U_UART.U0_UART_RX.UART_RX_FSM_Block.currentState[1] (+)
|       |-- (3)SYS_TOP.U_UART.U0_UART_RX.UART_RX_FSM_Block.currentState[2] (+)
|       |-- (3)SYS_TOP.UART_RX_D_VLD (+)
|       |-- (3)SYS_TOP.U_UART.U0_UART_RX.edge_cnt_inner[0] (+)
|       |-- (3)SYS_TOP.U_UART.U0_UART_RX.edge_cnt_inner[1] (+)
|       |-- (3)SYS_TOP.U_UART.U0_UART_RX.edge_cnt_inner[2] (+)
|       |-- (3)SYS_TOP.U_UART.U0_UART_RX.edge_cnt_inner[3] (+)
|       |-- (3)SYS_TOP.U_UART.U0_UART_RX.edge_cnt_inner[4] (+)
|       |-- (3)SYS_TOP.U_UART.U0_UART_RX.bit_cnt_inner[0] (+)
|       |-- (3)SYS_TOP.U_UART.U0_UART_RX.bit_cnt_inner[1] (+)
|       |-- (3)SYS_TOP.U_UART.U0_UART_RX.bit_cnt_inner[2] (+)
|       |-- (3)SYS_TOP.U_UART.U0_UART_RX.bit_cnt_inner[3] (+)
|       |-- (3)SYS_TOP.U_UART.U0_UART_RX.data_sampling_Block.majority_reg[0] (+)
|       |-- (3)SYS_TOP.U_UART.U0_UART_RX.data_sampling_Block.majority_reg[1] (+)
|       |-- (3)SYS_TOP.U_UART.U0_UART_RX.data_sampling_Block.majority_reg[2] (+)
|       |-- (3)SYS_TOP.U_UART.U0_UART_RX.data_sampling_Block.inner_counter[0] (+)
|       |-- (3)SYS_TOP.U_UART.U0_UART_RX.data_sampling_Block.inner_counter[1] (+)
|       |-- (3)SYS_TOP.U_UART.U0_UART_RX.par_err_inner (+)
|       |-- (3)SYS_TOP.U_UART.U0_UART_RX.strt_glitch_inner (+)
|       |-- (3)SYS_TOP.U_UART.U0_UART_RX.stp_err_inner (+)
|       |-- (3)SYS_TOP.UART_RX_P_DATA[0] (+)
|       |-- (3)SYS_TOP.UART_RX_P_DATA[1] (+)
|       |-- (3)SYS_TOP.UART_RX_P_DATA[2] (+)
|       |-- (3)SYS_TOP.UART_RX_P_DATA[3] (+)
|       |-- (3)SYS_TOP.UART_RX_P_DATA[4] (+)
|       |-- (3)SYS_TOP.UART_RX_P_DATA[5] (+)
|       |-- (3)SYS_TOP.UART_RX_P_DATA[6] (+)
|       `-- (3)SYS_TOP.UART_RX_P_DATA[7] (+)
|-- (1)SYS_TOP.TX_CLK
|   |-- (2)SYS_TOP.U_UART.U0_UART_TX.FSM_Block.currentState[0] (+)
|   |-- (2)SYS_TOP.U_UART.U0_UART_TX.FSM_Block.currentState[1] (+)
|   |-- (2)SYS_TOP.U_UART.U0_UART_TX.FSM_Block.currentState[2] (+)
|   |-- (2)SYS_TOP.U_UART.U0_UART_TX.Serializer_Block.pDataReg[0] (+)
|   |-- (2)SYS_TOP.U_UART.U0_UART_TX.Serializer_Block.pDataReg[1] (+)
|   |-- (2)SYS_TOP.U_UART.U0_UART_TX.Serializer_Block.pDataReg[2] (+)
|   |-- (2)SYS_TOP.U_UART.U0_UART_TX.Serializer_Block.pDataReg[3] (+)
|   |-- (2)SYS_TOP.U_UART.U0_UART_TX.Serializer_Block.pDataReg[4] (+)
|   |-- (2)SYS_TOP.U_UART.U0_UART_TX.Serializer_Block.pDataReg[5] (+)
|   |-- (2)SYS_TOP.U_UART.U0_UART_TX.Serializer_Block.pDataReg[6] (+)
|   |-- (2)SYS_TOP.U_UART.U0_UART_TX.Serializer_Block.pDataReg[7] (+)
|   |-- (2)SYS_TOP.U_UART.U0_UART_TX.Serializer_Block.counter[0] (+)
|   |-- (2)SYS_TOP.U_UART.U0_UART_TX.Serializer_Block.counter[1] (+)
|   |-- (2)SYS_TOP.U_UART.U0_UART_TX.Serializer_Block.counter[2] (+)
|   |-- (2)SYS_TOP.U_UART.U0_UART_TX.Serializer_Block.counter[3] (+)
|   |-- (2)SYS_TOP.U_UART.U0_UART_TX.parBitInternal (+)
|   |-- (2)SYS_TOP.U_PULSE_GEN.pls_flop (+)
|   |-- (2)SYS_TOP.U_PULSE_GEN.rcv_flop (+)
|   |-- (2)SYS_TOP.U_ASYNC_FIFO.sync_w2r.Synchronizer[0][0] (+)
|   |-- (2)SYS_TOP.U_ASYNC_FIFO.sync_w2r.Synchronizer[0][1] (+)
|   |-- (2)SYS_TOP.U_ASYNC_FIFO.sync_w2r.Synchronizer[0][2] (+)
|   |-- (2)SYS_TOP.U_ASYNC_FIFO.sync_w2r.Synchronizer[0][3] (+)
|   |-- (2)SYS_TOP.U_ASYNC_FIFO.sync_w2r.Synchronizer[1][0] (+)
|   |-- (2)SYS_TOP.U_ASYNC_FIFO.sync_w2r.Synchronizer[1][1] (+)
|   |-- (2)SYS_TOP.U_ASYNC_FIFO.sync_w2r.Synchronizer[1][2] (+)
|   |-- (2)SYS_TOP.U_ASYNC_FIFO.sync_w2r.Synchronizer[1][3] (+)
|   |-- (2)SYS_TOP.U_ASYNC_FIFO.FIFO_RD_Block.raddr_total[0] (+)
|   |-- (2)SYS_TOP.U_ASYNC_FIFO.FIFO_RD_Block.raddr_total[1] (+)
|   |-- (2)SYS_TOP.U_ASYNC_FIFO.FIFO_RD_Block.raddr_total[2] (+)
|   |-- (2)SYS_TOP.U_ASYNC_FIFO.FIFO_RD_Block.raddr_total[3] (+)
|   |-- (2)SYS_TOP.U_ASYNC_FIFO.rptr_inner[0] (+)
|   |-- (2)SYS_TOP.U_ASYNC_FIFO.rptr_inner[1] (+)
|   |-- (2)SYS_TOP.U_ASYNC_FIFO.rptr_inner[2] (+)
|   `-- (2)SYS_TOP.U_ASYNC_FIFO.rptr_inner[3] (+)
`-- (1)SYS_TOP.RX_CLK
    |-- (2)SYS_TOP.U_UART.U0_UART_RX.UART_RX_FSM_Block.currentState[0] (+)
    |-- (2)SYS_TOP.U_UART.U0_UART_RX.UART_RX_FSM_Block.currentState[1] (+)
    |-- (2)SYS_TOP.U_UART.U0_UART_RX.UART_RX_FSM_Block.currentState[2] (+)
    |-- (2)SYS_TOP.UART_RX_D_VLD (+)
    |-- (2)SYS_TOP.U_UART.U0_UART_RX.edge_cnt_inner[0] (+)
    |-- (2)SYS_TOP.U_UART.U0_UART_RX.edge_cnt_inner[1] (+)
    |-- (2)SYS_TOP.U_UART.U0_UART_RX.edge_cnt_inner[2] (+)
    |-- (2)SYS_TOP.U_UART.U0_UART_RX.edge_cnt_inner[3] (+)
    |-- (2)SYS_TOP.U_UART.U0_UART_RX.edge_cnt_inner[4] (+)
    |-- (2)SYS_TOP.U_UART.U0_UART_RX.bit_cnt_inner[0] (+)
    |-- (2)SYS_TOP.U_UART.U0_UART_RX.bit_cnt_inner[1] (+)
    |-- (2)SYS_TOP.U_UART.U0_UART_RX.bit_cnt_inner[2] (+)
    |-- (2)SYS_TOP.U_UART.U0_UART_RX.bit_cnt_inner[3] (+)
    |-- (2)SYS_TOP.U_UART.U0_UART_RX.data_sampling_Block.majority_reg[0] (+)
    |-- (2)SYS_TOP.U_UART.U0_UART_RX.data_sampling_Block.majority_reg[1] (+)
    |-- (2)SYS_TOP.U_UART.U0_UART_RX.data_sampling_Block.majority_reg[2] (+)
    |-- (2)SYS_TOP.U_UART.U0_UART_RX.data_sampling_Block.inner_counter[0] (+)
    |-- (2)SYS_TOP.U_UART.U0_UART_RX.data_sampling_Block.inner_counter[1] (+)
    |-- (2)SYS_TOP.U_UART.U0_UART_RX.par_err_inner (+)
    |-- (2)SYS_TOP.U_UART.U0_UART_RX.strt_glitch_inner (+)
    |-- (2)SYS_TOP.U_UART.U0_UART_RX.stp_err_inner (+)
    |-- (2)SYS_TOP.UART_RX_P_DATA[0] (+)
    |-- (2)SYS_TOP.UART_RX_P_DATA[1] (+)
    |-- (2)SYS_TOP.UART_RX_P_DATA[2] (+)
    |-- (2)SYS_TOP.UART_RX_P_DATA[3] (+)
    |-- (2)SYS_TOP.UART_RX_P_DATA[4] (+)
    |-- (2)SYS_TOP.UART_RX_P_DATA[5] (+)
    |-- (2)SYS_TOP.UART_RX_P_DATA[6] (+)
    `-- (2)SYS_TOP.UART_RX_P_DATA[7] (+)
============================================
ROOT CLOCK: SYS_TOP.REF_CLK
|-- (1)SYS_TOP.RST_SYNC_1.Synchronizer[0] (+)
|-- (1)SYS_TOP.RST_SYNC_1.Synchronizer[1] (+)
|-- (1)SYS_TOP.RF_RdData_Valid (+)
|-- (1)SYS_TOP.RF_RdData[0] (+)
|-- (1)SYS_TOP.RF_RdData[1] (+)
|-- (1)SYS_TOP.RF_RdData[2] (+)
|-- (1)SYS_TOP.RF_RdData[3] (+)
|-- (1)SYS_TOP.RF_RdData[4] (+)
|-- (1)SYS_TOP.RF_RdData[5] (+)
|-- (1)SYS_TOP.RF_RdData[6] (+)
|-- (1)SYS_TOP.RF_RdData[7] (+)
|-- (1)SYS_TOP.U_RegFile.regArr[0][0] (+)
|-- (1)SYS_TOP.U_RegFile.regArr[0][1] (+)
|-- (1)SYS_TOP.U_RegFile.regArr[0][2] (+)
|-- (1)SYS_TOP.U_RegFile.regArr[0][3] (+)
|-- (1)SYS_TOP.U_RegFile.regArr[0][4] (+)
|-- (1)SYS_TOP.U_RegFile.regArr[0][5] (+)
|-- (1)SYS_TOP.U_RegFile.regArr[0][6] (+)
|-- (1)SYS_TOP.U_RegFile.regArr[0][7] (+)
|-- (1)SYS_TOP.U_RegFile.regArr[1][0] (+)
|-- (1)SYS_TOP.U_RegFile.regArr[1][1] (+)
|-- (1)SYS_TOP.U_RegFile.regArr[1][2] (+)
|-- (1)SYS_TOP.U_RegFile.regArr[1][3] (+)
|-- (1)SYS_TOP.U_RegFile.regArr[1][4] (+)
|-- (1)SYS_TOP.U_RegFile.regArr[1][5] (+)
|-- (1)SYS_TOP.U_RegFile.regArr[1][6] (+)
|-- (1)SYS_TOP.U_RegFile.regArr[1][7] (+)
|-- (1)SYS_TOP.U_RegFile.regArr[2][0] (+)
|-- (1)SYS_TOP.U_RegFile.regArr[2][1] (+)
|-- (1)SYS_TOP.U_RegFile.regArr[2][2] (+)
|-- (1)SYS_TOP.U_RegFile.regArr[2][3] (+)
|-- (1)SYS_TOP.U_RegFile.regArr[2][4] (+)
|-- (1)SYS_TOP.U_RegFile.regArr[2][5] (+)
|-- (1)SYS_TOP.U_RegFile.regArr[2][6] (+)
|-- (1)SYS_TOP.U_RegFile.regArr[2][7] (+)
|-- (1)SYS_TOP.U_RegFile.regArr[3][0] (+)
|-- (1)SYS_TOP.U_RegFile.regArr[3][1] (+)
|-- (1)SYS_TOP.U_RegFile.regArr[3][2] (+)
|-- (1)SYS_TOP.U_RegFile.regArr[3][3] (+)
|-- (1)SYS_TOP.U_RegFile.regArr[3][4] (+)
|-- (1)SYS_TOP.U_RegFile.regArr[3][5] (+)
|-- (1)SYS_TOP.U_RegFile.regArr[3][6] (+)
|-- (1)SYS_TOP.U_RegFile.regArr[3][7] (+)
|-- (1)SYS_TOP.U_RegFile.regArr[4][0] (+)
|-- (1)SYS_TOP.U_RegFile.regArr[4][1] (+)
|-- (1)SYS_TOP.U_RegFile.regArr[4][2] (+)
|-- (1)SYS_TOP.U_RegFile.regArr[4][3] (+)
|-- (1)SYS_TOP.U_RegFile.regArr[4][4] (+)
|-- (1)SYS_TOP.U_RegFile.regArr[4][5] (+)
|-- (1)SYS_TOP.U_RegFile.regArr[4][6] (+)
|-- (1)SYS_TOP.U_RegFile.regArr[4][7] (+)
|-- (1)SYS_TOP.U_RegFile.regArr[5][0] (+)
|-- (1)SYS_TOP.U_RegFile.regArr[5][1] (+)
|-- (1)SYS_TOP.U_RegFile.regArr[5][2] (+)
|-- (1)SYS_TOP.U_RegFile.regArr[5][3] (+)
|-- (1)SYS_TOP.U_RegFile.regArr[5][4] (+)
|-- (1)SYS_TOP.U_RegFile.regArr[5][5] (+)
|-- (1)SYS_TOP.U_RegFile.regArr[5][6] (+)
|-- (1)SYS_TOP.U_RegFile.regArr[5][7] (+)
|-- (1)SYS_TOP.U_RegFile.regArr[6][0] (+)
|-- (1)SYS_TOP.U_RegFile.regArr[6][1] (+)
|-- (1)SYS_TOP.U_RegFile.regArr[6][2] (+)
|-- (1)SYS_TOP.U_RegFile.regArr[6][3] (+)
|-- (1)SYS_TOP.U_RegFile.regArr[6][4] (+)
|-- (1)SYS_TOP.U_RegFile.regArr[6][5] (+)
|-- (1)SYS_TOP.U_RegFile.regArr[6][6] (+)
|-- (1)SYS_TOP.U_RegFile.regArr[6][7] (+)
|-- (1)SYS_TOP.U_RegFile.regArr[7][0] (+)
|-- (1)SYS_TOP.U_RegFile.regArr[7][1] (+)
|-- (1)SYS_TOP.U_RegFile.regArr[7][2] (+)
|-- (1)SYS_TOP.U_RegFile.regArr[7][3] (+)
|-- (1)SYS_TOP.U_RegFile.regArr[7][4] (+)
|-- (1)SYS_TOP.U_RegFile.regArr[7][5] (+)
|-- (1)SYS_TOP.U_RegFile.regArr[7][6] (+)
|-- (1)SYS_TOP.U_RegFile.regArr[7][7] (+)
|-- (1)SYS_TOP.U_RegFile.regArr[8][0] (+)
|-- (1)SYS_TOP.U_RegFile.regArr[8][1] (+)
|-- (1)SYS_TOP.U_RegFile.regArr[8][2] (+)
|-- (1)SYS_TOP.U_RegFile.regArr[8][3] (+)
|-- (1)SYS_TOP.U_RegFile.regArr[8][4] (+)
|-- (1)SYS_TOP.U_RegFile.regArr[8][5] (+)
|-- (1)SYS_TOP.U_RegFile.regArr[8][6] (+)
|-- (1)SYS_TOP.U_RegFile.regArr[8][7] (+)
|-- (1)SYS_TOP.U_RegFile.regArr[9][0] (+)
|-- (1)SYS_TOP.U_RegFile.regArr[9][1] (+)
|-- (1)SYS_TOP.U_RegFile.regArr[9][2] (+)
|-- (1)SYS_TOP.U_RegFile.regArr[9][3] (+)
|-- (1)SYS_TOP.U_RegFile.regArr[9][4] (+)
|-- (1)SYS_TOP.U_RegFile.regArr[9][5] (+)
|-- (1)SYS_TOP.U_RegFile.regArr[9][6] (+)
|-- (1)SYS_TOP.U_RegFile.regArr[9][7] (+)
|-- (1)SYS_TOP.U_RegFile.regArr[10][0] (+)
|-- (1)SYS_TOP.U_RegFile.regArr[10][1] (+)
|-- (1)SYS_TOP.U_RegFile.regArr[10][2] (+)
|-- (1)SYS_TOP.U_RegFile.regArr[10][3] (+)
|-- (1)SYS_TOP.U_RegFile.regArr[10][4] (+)
|-- (1)SYS_TOP.U_RegFile.regArr[10][5] (+)
|-- (1)SYS_TOP.U_RegFile.regArr[10][6] (+)
|-- (1)SYS_TOP.U_RegFile.regArr[10][7] (+)
|-- (1)SYS_TOP.U_RegFile.regArr[11][0] (+)
|-- (1)SYS_TOP.U_RegFile.regArr[11][1] (+)
|-- (1)SYS_TOP.U_RegFile.regArr[11][2] (+)
|-- (1)SYS_TOP.U_RegFile.regArr[11][3] (+)
|-- (1)SYS_TOP.U_RegFile.regArr[11][4] (+)
|-- (1)SYS_TOP.U_RegFile.regArr[11][5] (+)
|-- (1)SYS_TOP.U_RegFile.regArr[11][6] (+)
|-- (1)SYS_TOP.U_RegFile.regArr[11][7] (+)
|-- (1)SYS_TOP.U_RegFile.regArr[12][0] (+)
|-- (1)SYS_TOP.U_RegFile.regArr[12][1] (+)
|-- (1)SYS_TOP.U_RegFile.regArr[12][2] (+)
|-- (1)SYS_TOP.U_RegFile.regArr[12][3] (+)
|-- (1)SYS_TOP.U_RegFile.regArr[12][4] (+)
|-- (1)SYS_TOP.U_RegFile.regArr[12][5] (+)
|-- (1)SYS_TOP.U_RegFile.regArr[12][6] (+)
|-- (1)SYS_TOP.U_RegFile.regArr[12][7] (+)
|-- (1)SYS_TOP.U_RegFile.regArr[13][0] (+)
|-- (1)SYS_TOP.U_RegFile.regArr[13][1] (+)
|-- (1)SYS_TOP.U_RegFile.regArr[13][2] (+)
|-- (1)SYS_TOP.U_RegFile.regArr[13][3] (+)
|-- (1)SYS_TOP.U_RegFile.regArr[13][4] (+)
|-- (1)SYS_TOP.U_RegFile.regArr[13][5] (+)
|-- (1)SYS_TOP.U_RegFile.regArr[13][6] (+)
|-- (1)SYS_TOP.U_RegFile.regArr[13][7] (+)
|-- (1)SYS_TOP.U_RegFile.regArr[14][0] (+)
|-- (1)SYS_TOP.U_RegFile.regArr[14][1] (+)
|-- (1)SYS_TOP.U_RegFile.regArr[14][2] (+)
|-- (1)SYS_TOP.U_RegFile.regArr[14][3] (+)
|-- (1)SYS_TOP.U_RegFile.regArr[14][4] (+)
|-- (1)SYS_TOP.U_RegFile.regArr[14][5] (+)
|-- (1)SYS_TOP.U_RegFile.regArr[14][6] (+)
|-- (1)SYS_TOP.U_RegFile.regArr[14][7] (+)
|-- (1)SYS_TOP.U_RegFile.regArr[15][0] (+)
|-- (1)SYS_TOP.U_RegFile.regArr[15][1] (+)
|-- (1)SYS_TOP.U_RegFile.regArr[15][2] (+)
|-- (1)SYS_TOP.U_RegFile.regArr[15][3] (+)
|-- (1)SYS_TOP.U_RegFile.regArr[15][4] (+)
|-- (1)SYS_TOP.U_RegFile.regArr[15][5] (+)
|-- (1)SYS_TOP.U_RegFile.regArr[15][6] (+)
|-- (1)SYS_TOP.U_RegFile.regArr[15][7] (+)
|-- (1)SYS_TOP.U_SYS_CTRL.state[0] (+)
|-- (1)SYS_TOP.U_SYS_CTRL.state[1] (+)
|-- (1)SYS_TOP.U_SYS_CTRL.state[2] (+)
|-- (1)SYS_TOP.U_SYS_CTRL.state[3] (+)
|-- (1)SYS_TOP.U_SYS_CTRL.cmd_reg[0] (+)
|-- (1)SYS_TOP.U_SYS_CTRL.cmd_reg[1] (+)
|-- (1)SYS_TOP.U_SYS_CTRL.cmd_reg[2] (+)
|-- (1)SYS_TOP.U_SYS_CTRL.cmd_reg[3] (+)
|-- (1)SYS_TOP.U_SYS_CTRL.cmd_reg[4] (+)
|-- (1)SYS_TOP.U_SYS_CTRL.cmd_reg[5] (+)
|-- (1)SYS_TOP.U_SYS_CTRL.cmd_reg[6] (+)
|-- (1)SYS_TOP.U_SYS_CTRL.cmd_reg[7] (+)
|-- (1)SYS_TOP.U_SYS_CTRL.frame1_reg[0] (+)
|-- (1)SYS_TOP.U_SYS_CTRL.frame1_reg[1] (+)
|-- (1)SYS_TOP.U_SYS_CTRL.frame1_reg[2] (+)
|-- (1)SYS_TOP.U_SYS_CTRL.frame1_reg[3] (+)
|-- (1)SYS_TOP.U_SYS_CTRL.frame1_reg[4] (+)
|-- (1)SYS_TOP.U_SYS_CTRL.frame1_reg[5] (+)
|-- (1)SYS_TOP.U_SYS_CTRL.frame1_reg[6] (+)
|-- (1)SYS_TOP.U_SYS_CTRL.frame1_reg[7] (+)
|-- (1)SYS_TOP.U_SYS_CTRL.frame2_reg[0] (+)
|-- (1)SYS_TOP.U_SYS_CTRL.frame2_reg[1] (+)
|-- (1)SYS_TOP.U_SYS_CTRL.frame2_reg[2] (+)
|-- (1)SYS_TOP.U_SYS_CTRL.frame2_reg[3] (+)
|-- (1)SYS_TOP.U_SYS_CTRL.frame2_reg[4] (+)
|-- (1)SYS_TOP.U_SYS_CTRL.frame2_reg[5] (+)
|-- (1)SYS_TOP.U_SYS_CTRL.frame2_reg[6] (+)
|-- (1)SYS_TOP.U_SYS_CTRL.frame2_reg[7] (+)
|-- (1)SYS_TOP.U_SYS_CTRL.frame3_reg[0] (+)
|-- (1)SYS_TOP.U_SYS_CTRL.frame3_reg[1] (+)
|-- (1)SYS_TOP.U_SYS_CTRL.frame3_reg[2] (+)
|-- (1)SYS_TOP.U_SYS_CTRL.frame3_reg[3] (+)
|-- (1)SYS_TOP.U_SYS_CTRL.frame3_reg[4] (+)
|-- (1)SYS_TOP.U_SYS_CTRL.frame3_reg[5] (+)
|-- (1)SYS_TOP.U_SYS_CTRL.frame3_reg[6] (+)
|-- (1)SYS_TOP.U_SYS_CTRL.frame3_reg[7] (+)
|-- (1)SYS_TOP.RX_D_VLD_sync (+)
|-- (1)SYS_TOP.U_Data_Sync_RX.Pulse_Gen_Flop (+)
|-- (1)SYS_TOP.RX_P_DATA_sync[0] (+)
|-- (1)SYS_TOP.RX_P_DATA_sync[1] (+)
|-- (1)SYS_TOP.RX_P_DATA_sync[2] (+)
|-- (1)SYS_TOP.RX_P_DATA_sync[3] (+)
|-- (1)SYS_TOP.RX_P_DATA_sync[4] (+)
|-- (1)SYS_TOP.RX_P_DATA_sync[5] (+)
|-- (1)SYS_TOP.RX_P_DATA_sync[6] (+)
|-- (1)SYS_TOP.RX_P_DATA_sync[7] (+)
|-- (1)SYS_TOP.U_Data_Sync_RX.Multi_Flip_Flop_Synchronizer[0] (+)
|-- (1)SYS_TOP.U_Data_Sync_RX.Multi_Flip_Flop_Synchronizer[1] (+)
|-- (1)SYS_TOP.U_ASYNC_FIFO.FIFO_WR_Block.waddr_total[0] (+)
|-- (1)SYS_TOP.U_ASYNC_FIFO.FIFO_WR_Block.waddr_total[1] (+)
|-- (1)SYS_TOP.U_ASYNC_FIFO.FIFO_WR_Block.waddr_total[2] (+)
|-- (1)SYS_TOP.U_ASYNC_FIFO.FIFO_WR_Block.waddr_total[3] (+)
|-- (1)SYS_TOP.U_ASYNC_FIFO.wptr_inner[0] (+)
|-- (1)SYS_TOP.U_ASYNC_FIFO.wptr_inner[1] (+)
|-- (1)SYS_TOP.U_ASYNC_FIFO.wptr_inner[2] (+)
|-- (1)SYS_TOP.U_ASYNC_FIFO.wptr_inner[3] (+)
|-- (1)SYS_TOP.U_ASYNC_FIFO.sync_r2w.Synchronizer[0][0] (+)
|-- (1)SYS_TOP.U_ASYNC_FIFO.sync_r2w.Synchronizer[0][1] (+)
|-- (1)SYS_TOP.U_ASYNC_FIFO.sync_r2w.Synchronizer[0][2] (+)
|-- (1)SYS_TOP.U_ASYNC_FIFO.sync_r2w.Synchronizer[0][3] (+)
|-- (1)SYS_TOP.U_ASYNC_FIFO.sync_r2w.Synchronizer[1][0] (+)
|-- (1)SYS_TOP.U_ASYNC_FIFO.sync_r2w.Synchronizer[1][1] (+)
|-- (1)SYS_TOP.U_ASYNC_FIFO.sync_r2w.Synchronizer[1][2] (+)
|-- (1)SYS_TOP.U_ASYNC_FIFO.sync_r2w.Synchronizer[1][3] (+)
|-- (1)SYS_TOP.U_ASYNC_FIFO.FIFO_Memory_Block.RAM[7][0] (+)
|-- (1)SYS_TOP.U_ASYNC_FIFO.FIFO_Memory_Block.RAM[7][1] (+)
|-- (1)SYS_TOP.U_ASYNC_FIFO.FIFO_Memory_Block.RAM[7][2] (+)
|-- (1)SYS_TOP.U_ASYNC_FIFO.FIFO_Memory_Block.RAM[7][3] (+)
|-- (1)SYS_TOP.U_ASYNC_FIFO.FIFO_Memory_Block.RAM[7][4] (+)
|-- (1)SYS_TOP.U_ASYNC_FIFO.FIFO_Memory_Block.RAM[7][5] (+)
|-- (1)SYS_TOP.U_ASYNC_FIFO.FIFO_Memory_Block.RAM[7][6] (+)
|-- (1)SYS_TOP.U_ASYNC_FIFO.FIFO_Memory_Block.RAM[7][7] (+)
|-- (1)SYS_TOP.U_ASYNC_FIFO.FIFO_Memory_Block.RAM[6][0] (+)
|-- (1)SYS_TOP.U_ASYNC_FIFO.FIFO_Memory_Block.RAM[6][1] (+)
|-- (1)SYS_TOP.U_ASYNC_FIFO.FIFO_Memory_Block.RAM[6][2] (+)
|-- (1)SYS_TOP.U_ASYNC_FIFO.FIFO_Memory_Block.RAM[6][3] (+)
|-- (1)SYS_TOP.U_ASYNC_FIFO.FIFO_Memory_Block.RAM[6][4] (+)
|-- (1)SYS_TOP.U_ASYNC_FIFO.FIFO_Memory_Block.RAM[6][5] (+)
|-- (1)SYS_TOP.U_ASYNC_FIFO.FIFO_Memory_Block.RAM[6][6] (+)
|-- (1)SYS_TOP.U_ASYNC_FIFO.FIFO_Memory_Block.RAM[6][7] (+)
|-- (1)SYS_TOP.U_ASYNC_FIFO.FIFO_Memory_Block.RAM[5][0] (+)
|-- (1)SYS_TOP.U_ASYNC_FIFO.FIFO_Memory_Block.RAM[5][1] (+)
|-- (1)SYS_TOP.U_ASYNC_FIFO.FIFO_Memory_Block.RAM[5][2] (+)
|-- (1)SYS_TOP.U_ASYNC_FIFO.FIFO_Memory_Block.RAM[5][3] (+)
|-- (1)SYS_TOP.U_ASYNC_FIFO.FIFO_Memory_Block.RAM[5][4] (+)
|-- (1)SYS_TOP.U_ASYNC_FIFO.FIFO_Memory_Block.RAM[5][5] (+)
|-- (1)SYS_TOP.U_ASYNC_FIFO.FIFO_Memory_Block.RAM[5][6] (+)
|-- (1)SYS_TOP.U_ASYNC_FIFO.FIFO_Memory_Block.RAM[5][7] (+)
|-- (1)SYS_TOP.U_ASYNC_FIFO.FIFO_Memory_Block.RAM[4][0] (+)
|-- (1)SYS_TOP.U_ASYNC_FIFO.FIFO_Memory_Block.RAM[4][1] (+)
|-- (1)SYS_TOP.U_ASYNC_FIFO.FIFO_Memory_Block.RAM[4][2] (+)
|-- (1)SYS_TOP.U_ASYNC_FIFO.FIFO_Memory_Block.RAM[4][3] (+)
|-- (1)SYS_TOP.U_ASYNC_FIFO.FIFO_Memory_Block.RAM[4][4] (+)
|-- (1)SYS_TOP.U_ASYNC_FIFO.FIFO_Memory_Block.RAM[4][5] (+)
|-- (1)SYS_TOP.U_ASYNC_FIFO.FIFO_Memory_Block.RAM[4][6] (+)
|-- (1)SYS_TOP.U_ASYNC_FIFO.FIFO_Memory_Block.RAM[4][7] (+)
|-- (1)SYS_TOP.U_ASYNC_FIFO.FIFO_Memory_Block.RAM[3][0] (+)
|-- (1)SYS_TOP.U_ASYNC_FIFO.FIFO_Memory_Block.RAM[3][1] (+)
|-- (1)SYS_TOP.U_ASYNC_FIFO.FIFO_Memory_Block.RAM[3][2] (+)
|-- (1)SYS_TOP.U_ASYNC_FIFO.FIFO_Memory_Block.RAM[3][3] (+)
|-- (1)SYS_TOP.U_ASYNC_FIFO.FIFO_Memory_Block.RAM[3][4] (+)
|-- (1)SYS_TOP.U_ASYNC_FIFO.FIFO_Memory_Block.RAM[3][5] (+)
|-- (1)SYS_TOP.U_ASYNC_FIFO.FIFO_Memory_Block.RAM[3][6] (+)
|-- (1)SYS_TOP.U_ASYNC_FIFO.FIFO_Memory_Block.RAM[3][7] (+)
|-- (1)SYS_TOP.U_ASYNC_FIFO.FIFO_Memory_Block.RAM[2][0] (+)
|-- (1)SYS_TOP.U_ASYNC_FIFO.FIFO_Memory_Block.RAM[2][1] (+)
|-- (1)SYS_TOP.U_ASYNC_FIFO.FIFO_Memory_Block.RAM[2][2] (+)
|-- (1)SYS_TOP.U_ASYNC_FIFO.FIFO_Memory_Block.RAM[2][3] (+)
|-- (1)SYS_TOP.U_ASYNC_FIFO.FIFO_Memory_Block.RAM[2][4] (+)
|-- (1)SYS_TOP.U_ASYNC_FIFO.FIFO_Memory_Block.RAM[2][5] (+)
|-- (1)SYS_TOP.U_ASYNC_FIFO.FIFO_Memory_Block.RAM[2][6] (+)
|-- (1)SYS_TOP.U_ASYNC_FIFO.FIFO_Memory_Block.RAM[2][7] (+)
|-- (1)SYS_TOP.U_ASYNC_FIFO.FIFO_Memory_Block.RAM[1][0] (+)
|-- (1)SYS_TOP.U_ASYNC_FIFO.FIFO_Memory_Block.RAM[1][1] (+)
|-- (1)SYS_TOP.U_ASYNC_FIFO.FIFO_Memory_Block.RAM[1][2] (+)
|-- (1)SYS_TOP.U_ASYNC_FIFO.FIFO_Memory_Block.RAM[1][3] (+)
|-- (1)SYS_TOP.U_ASYNC_FIFO.FIFO_Memory_Block.RAM[1][4] (+)
|-- (1)SYS_TOP.U_ASYNC_FIFO.FIFO_Memory_Block.RAM[1][5] (+)
|-- (1)SYS_TOP.U_ASYNC_FIFO.FIFO_Memory_Block.RAM[1][6] (+)
|-- (1)SYS_TOP.U_ASYNC_FIFO.FIFO_Memory_Block.RAM[1][7] (+)
|-- (1)SYS_TOP.U_ASYNC_FIFO.FIFO_Memory_Block.RAM[0][0] (+)
|-- (1)SYS_TOP.U_ASYNC_FIFO.FIFO_Memory_Block.RAM[0][1] (+)
|-- (1)SYS_TOP.U_ASYNC_FIFO.FIFO_Memory_Block.RAM[0][2] (+)
|-- (1)SYS_TOP.U_ASYNC_FIFO.FIFO_Memory_Block.RAM[0][3] (+)
|-- (1)SYS_TOP.U_ASYNC_FIFO.FIFO_Memory_Block.RAM[0][4] (+)
|-- (1)SYS_TOP.U_ASYNC_FIFO.FIFO_Memory_Block.RAM[0][5] (+)
|-- (1)SYS_TOP.U_ASYNC_FIFO.FIFO_Memory_Block.RAM[0][6] (+)
|-- (1)SYS_TOP.U_ASYNC_FIFO.FIFO_Memory_Block.RAM[0][7] (+)
|-- (1)SYS_TOP.ALU_GATED_CLK
|   |-- (2)SYS_TOP.ALU_OUT[0] (+)
|   |-- (2)SYS_TOP.ALU_OUT[1] (+)
|   |-- (2)SYS_TOP.ALU_OUT[2] (+)
|   |-- (2)SYS_TOP.ALU_OUT[3] (+)
|   |-- (2)SYS_TOP.ALU_OUT[4] (+)
|   |-- (2)SYS_TOP.ALU_OUT[5] (+)
|   |-- (2)SYS_TOP.ALU_OUT[6] (+)
|   |-- (2)SYS_TOP.ALU_OUT[7] (+)
|   |-- (2)SYS_TOP.ALU_OUT[8] (+)
|   |-- (2)SYS_TOP.ALU_OUT[9] (+)
|   |-- (2)SYS_TOP.ALU_OUT[10] (+)
|   |-- (2)SYS_TOP.ALU_OUT[11] (+)
|   |-- (2)SYS_TOP.ALU_OUT[12] (+)
|   |-- (2)SYS_TOP.ALU_OUT[13] (+)
|   |-- (2)SYS_TOP.ALU_OUT[14] (+)
|   |-- (2)SYS_TOP.ALU_OUT[15] (+)
|   `-- (2)SYS_TOP.ALU_OUT_VALID (+)
`-- (1)SYS_TOP.U_CLK_GATE.Latch_Out (-) (Latch)
