
################################################################################
#
# This file has been generated by SpyGlass:
#     Report Name      : waiver
#     Report Created by: ICer
#     Report Created on:  Fri Oct  2 06:45:52 2026
#     Working Directory: /home/ICer/IC/Projects/System/spyglass
#     SpyGlass Version : SpyGlass_vL-2016.06
#     Policy Name      : SpyGlass(SpyGlass_vL-2016.06)
#                        clock-reset(SpyGlass_vL-2016.06)
#
#     Total Number of Generated Messages :         51
#     Number of Waived Messages          :          6
#     Number of Reported Messages        :         45
#     Number of Overlimit Messages       :          0
#
#     Total Number of Waivers                            :          6
#     Number of Waivers Applied                          :          6
#     Number of Waivers with Regex and/or wildcard       :          0
#     Number of Waivers with -rule                       :          6
#     Number of Waivers with line number and/or file info:          0
#     Number of Waive -IP commands                       :          0
#
#
################################################################################

WAIVER REPORT:
+++++++++++++++++++++++++++++++++++++++++++++++++++++++++++++++++++++++++++++++

Design Issues Waiver Report
+++++++++++++++++++++++++++++++++++++++++++++++++++++++++++++++++++++++++++++++

Waiver comment : Created by ICer on 02-Oct-2026 06:18:41
waive -msg q!Port coverage for top design unit 'SYS_TOP' is: '1' (25.00 %) port(s) not fully constrained! \
      -rule "Setup_port01" 
#spg_backref : "./spyglass-1/cdc/cdc_verify/spyglass-1_waiver_file.awl" 1

1 message(s) waived:
===============================================================================
Index    Rule         Severity File                     Line Wt Message
===============================================================================
[54]     Setup_port01 Error    ../rtl/SYS_TOP/SYS_TOP.v 10   2  Port coverage for top design unit 'SYS_TOP' is: '1' (25.00 %) port(s) not fully constrained
===============================================================================

Waiver comment : Created by ICer on 02-Oct-2026 06:24:09
waive -msg q%Design cycles for clocks 'SYS_TOP.UART_CLK,SYS_TOP.REF_CLK' exceeds the threshold. Refer file: './spyglass-1/cdc/cdc_verify/spyglass_reports/clock-reset/Ac_clockperiod03.csv' for details% \
      -rule "Ac_clockperiod03" 
#spg_backref : "./spyglass-1/cdc/cdc_verify/spyglass-1_waiver_file.awl" 2

1 message(s) waived:
===============================================================================
Index    Rule             Severity File Line Wt Message
===============================================================================
[87]     Ac_clockperiod03 Warning  N.A. 0    2  Design cycles for clocks 'SYS_TOP.UART_CLK,SYS_TOP.REF_CLK' exceeds the threshold. Refer file: './spyglass-1/cdc/cdc_verify/spyglass_reports/clock-reset/Ac_clockperiod03.csv' for details
===============================================================================

Waiver comment : Created by ICer on 02-Oct-2026 06:38:37
waive -msg q%Fast('SYS_TOP.REF_CLK') to slow('SYS_TOP.UART_CLK') clock crossing(from 'SYS_TOP.U_ASYNC_FIFO.wptr_inner[3]' to 'SYS_TOP.U_ASYNC_FIFO.sync_w2r.Synchronizer[0][3]') detected. Data hold check:Partially-Proved% \
      -rule "Ac_cdc01a" 
#spg_backref : "./spyglass-1/cdc/cdc_verify/spyglass-1_waiver_file.awl" 3

1 message(s) waived:
===============================================================================
Index    Rule      Severity File                        Line Wt Message
===============================================================================
[88]     Ac_cdc01a Warning  ../rtl/ASYNC_FIFO/DF_SYNC.v 18   10 Fast('SYS_TOP.REF_CLK') to slow('SYS_TOP.UART_CLK') clock crossing(from 'SYS_TOP.U_ASYNC_FIFO.wptr_inner[3]' to 'SYS_TOP.U_ASYNC_FIFO.sync_w2r.Synchronizer[0][3]') detected. Data hold check:Partially-Proved
===============================================================================

Waiver comment : Created by ICer on 02-Oct-2026 06:41:20
waive -msg q%5 synchronizers (SYS_TOP.U_ASYNC_FIFO.sync_r2w.Synchronizer[0][3:0],SYS_TOP.U_Data_Sync_RX.Multi_Flip_Flop_Synchronizer[1]) converge on flop 'SYS_TOP.U_SYS_CTRL.cmd_reg[7]'% \
      -rule "Ac_conv01" 
#spg_backref : "./spyglass-1/cdc/cdc_verify/spyglass-1_waiver_file.awl" 4

1 message(s) waived:
===============================================================================
Index    Rule      Severity File                       Line Wt Message
===============================================================================
[86]     Ac_conv01 Warning  ../rtl/SYS_CTRL/SYS_CTRL.v 99   2  5 synchronizers (SYS_TOP.U_ASYNC_FIFO.sync_r2w.Synchronizer[0][3:0],SYS_TOP.U_Data_Sync_RX.Multi_Flip_Flop_Synchronizer[1]) converge on flop 'SYS_TOP.U_SYS_CTRL.cmd_reg[7]'
===============================================================================

Waiver comment : Created by ICer on 02-Oct-2026 06:44:28
waive -msg q%Synchronized crossing: destination flop 'SYS_TOP.U_UART.U0_UART_TX.Parity_Calc_Block.parBit', clocked by 'SYS_TOP.UART_CLK', source flop 'SYS_TOP.U_ASYNC_FIFO.FIFO_Memory_Block.RAM[7:0][7:0]', clocked by 'SYS_TOP.REF_CLK'. Data-enable sequencing check: Partially-Proved% \
      -rule "Ac_datahold01a" 
#spg_backref : "./spyglass-1/cdc/cdc_verify/spyglass-1_waiver_file.awl" 5

1 message(s) waived:
===============================================================================
Index    Rule           Severity File                              Line Wt Message
===============================================================================
[8A]     Ac_datahold01a Warning  ../rtl/UART/UART_TX/parity_Calc.v 10   2  Synchronized crossing: destination flop 'SYS_TOP.U_UART.U0_UART_TX.Parity_Calc_Block.parBit', clocked by 'SYS_TOP.UART_CLK', source flop 'SYS_TOP.U_ASYNC_FIFO.FIFO_Memory_Block.RAM[7:0][7:0]', clocked by 'SYS_TOP.REF_CLK'. Data-enable sequencing check: Partially-Proved
===============================================================================

Waiver comment : Created by ICer on 02-Oct-2026 06:44:38
waive -msg q%Synchronized crossing: destination flop 'SYS_TOP.U_UART.U0_UART_TX.Serializer_Block.pDataReg[7:0]', clocked by 'SYS_TOP.UART_CLK', source flop 'SYS_TOP.U_ASYNC_FIFO.FIFO_Memory_Block.RAM[7:0][7:0]', clocked by 'SYS_TOP.REF_CLK'. Data-enable sequencing check: Partially-Proved% \
      -rule "Ac_datahold01a" 
#spg_backref : "./spyglass-1/cdc/cdc_verify/spyglass-1_waiver_file.awl" 6

1 message(s) waived:
===============================================================================
Index    Rule           Severity File                             Line Wt Message
===============================================================================
[8B]     Ac_datahold01a Warning  ../rtl/UART/UART_TX/Serializer.v 12   2  Synchronized crossing: destination flop 'SYS_TOP.U_UART.U0_UART_TX.Serializer_Block.pDataReg[7:0]', clocked by 'SYS_TOP.UART_CLK', source flop 'SYS_TOP.U_ASYNC_FIFO.FIFO_Memory_Block.RAM[7:0][7:0]', clocked by 'SYS_TOP.REF_CLK'. Data-enable sequencing check: Partially-Proved
===============================================================================

