
                           Design Compiler Graphical 
                                 DC Ultra (TM)
                                  DFTMAX (TM)
                              Power Compiler (TM)
                                 DesignWare (R)
                                 DC Expert (TM)
                               Design Vision (TM)
                               HDL Compiler (TM)
                               VHDL Compiler (TM)
                                  DFT Compiler
                               Design Compiler(R)

               Version O-2018.06-SP1 for linux64 - Jul 19, 2018 

                    Copyright (c) 1988 - 2018 Synopsys, Inc.
   This software and the associated documentation are proprietary to Synopsys,
 Inc. This software may only be used in accordance with the terms and conditions
 of a written license agreement with Synopsys, Inc. All other use, reproduction,
            or distribution of this software is strictly prohibited.
Initializing...
Initializing gui preferences from file  /home/ICer/.synopsys_dv_prefs.tcl
########################### Define Top Module ############################
set top_module SYS_TOP
SYS_TOP
##################### Define Working Library Directory ######################
define_design_lib work -path ./work
1
############################# Formality Setup File ##########################
set_svf $top_module.svf
1
################## Design Compiler Library Files #setup ######################
puts "###########################################"
###########################################
puts "#      #setting Design Libraries          #"
#      #setting Design Libraries          #
puts "###########################################"
###########################################
#Add the path of the libraries to the search_path variable
lappend search_path /home/IC/tsmc_fb_cl013g_sc/aci/sc-m/synopsys
. /home/synopsys/syn/O-2018.06-SP1/libraries/syn /home/synopsys/syn/O-2018.06-SP1/minpower/syn /home/synopsys/syn/O-2018.06-SP1/dw/syn_ver /home/synopsys/syn/O-2018.06-SP1/dw/sim_ver /home/IC/tsmc_fb_cl013g_sc/aci/sc-m/synopsys
lappend search_path /home/ICer/IC/Projects/System/std_cells
. /home/synopsys/syn/O-2018.06-SP1/libraries/syn /home/synopsys/syn/O-2018.06-SP1/minpower/syn /home/synopsys/syn/O-2018.06-SP1/dw/syn_ver /home/synopsys/syn/O-2018.06-SP1/dw/sim_ver /home/IC/tsmc_fb_cl013g_sc/aci/sc-m/synopsys /home/ICer/IC/Projects/System/std_cells
lappend search_path /home/ICer/IC/Projects/System/rtl
. /home/synopsys/syn/O-2018.06-SP1/libraries/syn /home/synopsys/syn/O-2018.06-SP1/minpower/syn /home/synopsys/syn/O-2018.06-SP1/dw/syn_ver /home/synopsys/syn/O-2018.06-SP1/dw/sim_ver /home/IC/tsmc_fb_cl013g_sc/aci/sc-m/synopsys /home/ICer/IC/Projects/System/std_cells /home/ICer/IC/Projects/System/rtl
set SSLIB "scmetro_tsmc_cl013g_rvt_ss_1p08v_125c.db"
scmetro_tsmc_cl013g_rvt_ss_1p08v_125c.db
set TTLIB "scmetro_tsmc_cl013g_rvt_tt_1p2v_25c.db"
scmetro_tsmc_cl013g_rvt_tt_1p2v_25c.db
set FFLIB "scmetro_tsmc_cl013g_rvt_ff_1p32v_m40c.db"
scmetro_tsmc_cl013g_rvt_ff_1p32v_m40c.db
## Standard Cell libraries 
set target_library [list $SSLIB $TTLIB $FFLIB]
scmetro_tsmc_cl013g_rvt_ss_1p08v_125c.db scmetro_tsmc_cl013g_rvt_tt_1p2v_25c.db scmetro_tsmc_cl013g_rvt_ff_1p32v_m40c.db
## Standard Cell & Hard Macros libraries 
set link_library [list * $SSLIB $TTLIB $FFLIB]  
* scmetro_tsmc_cl013g_rvt_ss_1p08v_125c.db scmetro_tsmc_cl013g_rvt_tt_1p2v_25c.db scmetro_tsmc_cl013g_rvt_ff_1p32v_m40c.db
######################## Reading RTL Files #################################
puts "###########################################"
###########################################
puts "#             Reading RTL Files           #"
#             Reading RTL Files           #
puts "###########################################"
###########################################
set file_format sverilog
sverilog
set fh [open system.lst r+]
file11
set rtl [read $fh]
/home/ICer/IC/Projects/System/rtl/ALU/ALU.v
/home/ICer/IC/Projects/System/rtl/ASYNC_FIFO/ASYNC_FIFO.v
/home/ICer/IC/Projects/System/rtl/ASYNC_FIFO/DF_SYNC.v
/home/ICer/IC/Projects/System/rtl/ASYNC_FIFO/FIFO_MEM_CNTRL.v
/home/ICer/IC/Projects/System/rtl/ASYNC_FIFO/FIFO_RD.v
/home/ICer/IC/Projects/System/rtl/ASYNC_FIFO/FIFO_WR.v
/home/ICer/IC/Projects/System/rtl/CLK_Divider/ClkDiv.v
/home/ICer/IC/Projects/System/rtl/CLKDIV_MUX/CLKDIV_MUX.v
/home/ICer/IC/Projects/System/rtl/Clock_Gating/CLK_GATE.v
/home/ICer/IC/Projects/System/rtl/DATA_SYNC/DATA_SYNC.v
/home/ICer/IC/Projects/System/rtl/PULSE_GEN/PULSE_GEN.v
/home/ICer/IC/Projects/System/rtl/RegFile/RegFile.v
/home/ICer/IC/Projects/System/rtl/RST_SYNC/RST_SYNC.v
/home/ICer/IC/Projects/System/rtl/SYS_CTRL/SYS_CTRL.v
/home/ICer/IC/Projects/System/rtl/SYS_TOP/SYS_TOP.v
/home/ICer/IC/Projects/System/rtl/UART/UART_RX/data_sampling.v
/home/ICer/IC/Projects/System/rtl/UART/UART_RX/deserializer.v
/home/ICer/IC/Projects/System/rtl/UART/UART_RX/edge_bit_counter.v
/home/ICer/IC/Projects/System/rtl/UART/UART_RX/parity_Check.v
/home/ICer/IC/Projects/System/rtl/UART/UART_RX/stop_Check.v
/home/ICer/IC/Projects/System/rtl/UART/UART_RX/strt_Check.v
/home/ICer/IC/Projects/System/rtl/UART/UART_RX/UART_RX_FSM.sv
/home/ICer/IC/Projects/System/rtl/UART/UART_RX/UART_RX_TOP.v
/home/ICer/IC/Projects/System/rtl/UART/UART_TOP/UART.v
/home/ICer/IC/Projects/System/rtl/UART/UART_TX/Mux_4X1.v
/home/ICer/IC/Projects/System/rtl/UART/UART_TX/parity_Calc.v
/home/ICer/IC/Projects/System/rtl/UART/UART_TX/Serializer.v
/home/ICer/IC/Projects/System/rtl/UART/UART_TX/UART_TX_FSM.sv
/home/ICer/IC/Projects/System/rtl/UART/UART_TX/UART_TX_TOP.v

set designs ""
regsub -all "\n" $rtl " " designs
29
#read_file -format $file_format $designs
analyze -format $file_format [split $designs]
Running PRESTO HDLC
Compiling source file /home/ICer/IC/Projects/System/rtl/ALU/ALU.v
Compiling source file /home/ICer/IC/Projects/System/rtl/ASYNC_FIFO/ASYNC_FIFO.v
Compiling source file /home/ICer/IC/Projects/System/rtl/ASYNC_FIFO/DF_SYNC.v
Compiling source file /home/ICer/IC/Projects/System/rtl/ASYNC_FIFO/FIFO_MEM_CNTRL.v
Compiling source file /home/ICer/IC/Projects/System/rtl/ASYNC_FIFO/FIFO_RD.v
Compiling source file /home/ICer/IC/Projects/System/rtl/ASYNC_FIFO/FIFO_WR.v
Compiling source file /home/ICer/IC/Projects/System/rtl/CLK_Divider/ClkDiv.v
Compiling source file /home/ICer/IC/Projects/System/rtl/CLKDIV_MUX/CLKDIV_MUX.v
Compiling source file /home/ICer/IC/Projects/System/rtl/Clock_Gating/CLK_GATE.v
Compiling source file /home/ICer/IC/Projects/System/rtl/DATA_SYNC/DATA_SYNC.v
Compiling source file /home/ICer/IC/Projects/System/rtl/PULSE_GEN/PULSE_GEN.v
Compiling source file /home/ICer/IC/Projects/System/rtl/RegFile/RegFile.v
Compiling source file /home/ICer/IC/Projects/System/rtl/RST_SYNC/RST_SYNC.v
Compiling source file /home/ICer/IC/Projects/System/rtl/SYS_CTRL/SYS_CTRL.v
Compiling source file /home/ICer/IC/Projects/System/rtl/SYS_TOP/SYS_TOP.v
Compiling source file /home/ICer/IC/Projects/System/rtl/UART/UART_RX/data_sampling.v
Compiling source file /home/ICer/IC/Projects/System/rtl/UART/UART_RX/deserializer.v
Compiling source file /home/ICer/IC/Projects/System/rtl/UART/UART_RX/edge_bit_counter.v
Compiling source file /home/ICer/IC/Projects/System/rtl/UART/UART_RX/parity_Check.v
Compiling source file /home/ICer/IC/Projects/System/rtl/UART/UART_RX/stop_Check.v
Compiling source file /home/ICer/IC/Projects/System/rtl/UART/UART_RX/strt_Check.v
Compiling source file /home/ICer/IC/Projects/System/rtl/UART/UART_RX/UART_RX_FSM.sv
Compiling source file /home/ICer/IC/Projects/System/rtl/UART/UART_RX/UART_RX_TOP.v
Compiling source file /home/ICer/IC/Projects/System/rtl/UART/UART_TOP/UART.v
Compiling source file /home/ICer/IC/Projects/System/rtl/UART/UART_TX/Mux_4X1.v
Compiling source file /home/ICer/IC/Projects/System/rtl/UART/UART_TX/parity_Calc.v
Compiling source file /home/ICer/IC/Projects/System/rtl/UART/UART_TX/Serializer.v
Compiling source file /home/ICer/IC/Projects/System/rtl/UART/UART_TX/UART_TX_FSM.sv
Compiling source file /home/ICer/IC/Projects/System/rtl/UART/UART_TX/UART_TX_TOP.v
Compiling source file ./
Presto compilation completed successfully.
Loading db file '/home/ICer/IC/Projects/System/std_cells/scmetro_tsmc_cl013g_rvt_ss_1p08v_125c.db'
Loading db file '/home/ICer/IC/Projects/System/std_cells/scmetro_tsmc_cl013g_rvt_tt_1p2v_25c.db'
Loading db file '/home/ICer/IC/Projects/System/std_cells/scmetro_tsmc_cl013g_rvt_ff_1p32v_m40c.db'
1
elaborate $top_module
Loading db file '/home/synopsys/syn/O-2018.06-SP1/libraries/syn/gtech.db'
Loading db file '/home/synopsys/syn/O-2018.06-SP1/libraries/syn/standard.sldb'
  Loading link library 'scmetro_tsmc_cl013g_rvt_ss_1p08v_125c'
  Loading link library 'scmetro_tsmc_cl013g_rvt_tt_1p2v_25c'
  Loading link library 'scmetro_tsmc_cl013g_rvt_ff_1p32v_m40c'
  Loading link library 'gtech'
Running PRESTO HDLC
Presto compilation completed successfully.
Elaborated 1 design.
Current design is now 'SYS_TOP'.
Information: Building the design 'RST_SYNC'. (HDL-193)

Inferred memory devices in process
	in routine RST_SYNC line 8 in file
		'/home/ICer/IC/Projects/System/rtl/RST_SYNC/RST_SYNC.v'.
===============================================================================
|    Register Name    |   Type    | Width | Bus | MB | AR | AS | SR | SS | ST |
===============================================================================
|  Synchronizer_reg   | Flip-flop |   2   |  Y  | N  | Y  | N  | N  | N  | N  |
===============================================================================
Presto compilation completed successfully.
Information: Building the design 'RegFile' instantiated from design 'SYS_TOP' with
	the parameters "WIDTH=8,DEPTH=16,ADDR=4". (HDL-193)

Inferred memory devices in process
	in routine RegFile_WIDTH8_DEPTH16_ADDR4 line 24 in file
		'/home/ICer/IC/Projects/System/rtl/RegFile/RegFile.v'.
===============================================================================
|    Register Name    |   Type    | Width | Bus | MB | AR | AS | SR | SS | ST |
===============================================================================
|     regArr_reg      | Flip-flop |  125  |  Y  | N  | Y  | N  | N  | N  | N  |
|     regArr_reg      | Flip-flop |   3   |  Y  | N  | N  | Y  | N  | N  | N  |
|   RdData_VLD_reg    | Flip-flop |   1   |  N  | N  | Y  | N  | N  | N  | N  |
|     RdData_reg      | Flip-flop |   8   |  Y  | N  | Y  | N  | N  | N  | N  |
===============================================================================
Statistics for MUX_OPs
=====================================================================
|        block name/line          | Inputs | Outputs | # sel inputs |
=====================================================================
| RegFile_WIDTH8_DEPTH16_ADDR4/46 |   16   |    8    |      4       |
=====================================================================
Presto compilation completed successfully.
Information: Building the design 'CLK_GATE'. (HDL-193)
Presto compilation completed successfully.
Information: Building the design 'ALU'. (HDL-193)

Statistics for case statements in always block at line 23 in file
	'/home/ICer/IC/Projects/System/rtl/ALU/ALU.v'
===============================================
|           Line           |  full/ parallel  |
===============================================
|            29            |    auto/auto     |
===============================================

Inferred memory devices in process
	in routine ALU line 11 in file
		'/home/ICer/IC/Projects/System/rtl/ALU/ALU.v'.
===============================================================================
|    Register Name    |   Type    | Width | Bus | MB | AR | AS | SR | SS | ST |
===============================================================================
|    OUT_VALID_reg    | Flip-flop |   1   |  N  | N  | Y  | N  | N  | N  | N  |
|     ALU_OUT_reg     | Flip-flop |  16   |  Y  | N  | Y  | N  | N  | N  | N  |
===============================================================================
Presto compilation completed successfully.
Information: Building the design 'SYS_CTRL'. (HDL-193)

Statistics for case statements in always block at line 90 in file
	'/home/ICer/IC/Projects/System/rtl/SYS_CTRL/SYS_CTRL.v'
===============================================
|           Line           |  full/ parallel  |
===============================================
|            98            |    auto/auto     |
===============================================

Statistics for case statements in always block at line 108 in file
	'/home/ICer/IC/Projects/System/rtl/SYS_CTRL/SYS_CTRL.v'
===============================================
|           Line           |  full/ parallel  |
===============================================
|           120            |    auto/auto     |
|           128            |    auto/auto     |
|           140            |    auto/auto     |
===============================================

Inferred memory devices in process
	in routine SYS_CTRL line 83 in file
		'/home/ICer/IC/Projects/System/rtl/SYS_CTRL/SYS_CTRL.v'.
===============================================================================
|    Register Name    |   Type    | Width | Bus | MB | AR | AS | SR | SS | ST |
===============================================================================
|      state_reg      | Flip-flop |   4   |  Y  | N  | Y  | N  | N  | N  | N  |
===============================================================================

Inferred memory devices in process
	in routine SYS_CTRL line 90 in file
		'/home/ICer/IC/Projects/System/rtl/SYS_CTRL/SYS_CTRL.v'.
===============================================================================
|    Register Name    |   Type    | Width | Bus | MB | AR | AS | SR | SS | ST |
===============================================================================
|   frame3_reg_reg    | Flip-flop |   4   |  Y  | N  | Y  | N  | N  | N  | N  |
|     cmd_reg_reg     | Flip-flop |   8   |  Y  | N  | Y  | N  | N  | N  | N  |
|   frame1_reg_reg    | Flip-flop |   8   |  Y  | N  | Y  | N  | N  | N  | N  |
|   frame2_reg_reg    | Flip-flop |   8   |  Y  | N  | Y  | N  | N  | N  | N  |
===============================================================================
Presto compilation completed successfully.
Information: Building the design 'CLKDIV_MUX' instantiated from design 'SYS_TOP' with
	the parameters "WIDTH=8". (HDL-193)

Statistics for case statements in always block at line 7 in file
	'/home/ICer/IC/Projects/System/rtl/CLKDIV_MUX/CLKDIV_MUX.v'
===============================================
|           Line           |  full/ parallel  |
===============================================
|            9             |    auto/auto     |
===============================================
Presto compilation completed successfully.
Information: Building the design 'ClkDiv'. (HDL-193)

Inferred memory devices in process
	in routine ClkDiv line 16 in file
		'/home/ICer/IC/Projects/System/rtl/CLK_Divider/ClkDiv.v'.
===============================================================================
|    Register Name    |   Type    | Width | Bus | MB | AR | AS | SR | SS | ST |
===============================================================================
|   div_clk_reg_reg   | Flip-flop |   1   |  N  | N  | Y  | N  | N  | N  | N  |
|     counter_reg     | Flip-flop |   8   |  Y  | N  | Y  | N  | N  | N  | N  |
===============================================================================
Presto compilation completed successfully.
Information: Building the design 'UART'. (HDL-193)
Presto compilation completed successfully.
Information: Building the design 'PULSE_GEN'. (HDL-193)

Inferred memory devices in process
	in routine PULSE_GEN line 19 in file
		'/home/ICer/IC/Projects/System/rtl/PULSE_GEN/PULSE_GEN.v'.
===============================================================================
|    Register Name    |   Type    | Width | Bus | MB | AR | AS | SR | SS | ST |
===============================================================================
|    pls_flop_reg     | Flip-flop |   1   |  N  | N  | Y  | N  | N  | N  | N  |
|    rcv_flop_reg     | Flip-flop |   1   |  N  | N  | Y  | N  | N  | N  | N  |
===============================================================================
Presto compilation completed successfully.
Information: Building the design 'DATA_SYNC'. (HDL-193)

Inferred memory devices in process
	in routine DATA_SYNC line 14 in file
		'/home/ICer/IC/Projects/System/rtl/DATA_SYNC/DATA_SYNC.v'.
============================================================================================
|          Register Name           |   Type    | Width | Bus | MB | AR | AS | SR | SS | ST |
============================================================================================
|        Pulse_Gen_Flop_reg        | Flip-flop |   1   |  N  | N  | Y  | N  | N  | N  | N  |
|           sync_bus_reg           | Flip-flop |   8   |  Y  | N  | Y  | N  | N  | N  | N  |
|         enable_pulse_reg         | Flip-flop |   1   |  N  | N  | Y  | N  | N  | N  | N  |
| Multi_Flip_Flop_Synchronizer_reg | Flip-flop |   2   |  Y  | N  | Y  | N  | N  | N  | N  |
============================================================================================
Presto compilation completed successfully.
Information: Building the design 'ASYNC_FIFO' instantiated from design 'SYS_TOP' with
	the parameters "DATA_WIDTH=8". (HDL-193)
Presto compilation completed successfully.
Information: Building the design 'UART_TX_TOP'. (HDL-193)
Presto compilation completed successfully.
Information: Building the design 'UART_RX_TOP'. (HDL-193)
Presto compilation completed successfully.
Information: Building the design 'FIFO_WR'. (HDL-193)

Inferred memory devices in process
	in routine FIFO_WR line 11 in file
		'/home/ICer/IC/Projects/System/rtl/ASYNC_FIFO/FIFO_WR.v'.
===============================================================================
|    Register Name    |   Type    | Width | Bus | MB | AR | AS | SR | SS | ST |
===============================================================================
|   waddr_total_reg   | Flip-flop |   4   |  Y  | N  | Y  | N  | N  | N  | N  |
===============================================================================
Presto compilation completed successfully.
Information: Building the design 'DF_SYNC' instantiated from design 'ASYNC_FIFO_DATA_WIDTH8' with
	the parameters "WIDTH=4". (HDL-193)

Inferred memory devices in process
	in routine DF_SYNC_WIDTH4 line 12 in file
		'/home/ICer/IC/Projects/System/rtl/ASYNC_FIFO/DF_SYNC.v'.
===============================================================================
|    Register Name    |   Type    | Width | Bus | MB | AR | AS | SR | SS | ST |
===============================================================================
|  Synchronizer_reg   | Flip-flop |   8   |  Y  | N  | Y  | N  | N  | N  | N  |
===============================================================================
Presto compilation completed successfully.
Information: Building the design 'FIFO_RD'. (HDL-193)

Inferred memory devices in process
	in routine FIFO_RD line 11 in file
		'/home/ICer/IC/Projects/System/rtl/ASYNC_FIFO/FIFO_RD.v'.
===============================================================================
|    Register Name    |   Type    | Width | Bus | MB | AR | AS | SR | SS | ST |
===============================================================================
|   raddr_total_reg   | Flip-flop |   4   |  Y  | N  | Y  | N  | N  | N  | N  |
===============================================================================
Presto compilation completed successfully.
Information: Building the design 'FIFO_MEM_CNTRL' instantiated from design 'ASYNC_FIFO_DATA_WIDTH8' with
	the parameters "DATA_WIDTH=8". (HDL-193)

Inferred memory devices in process
	in routine FIFO_MEM_CNTRL_DATA_WIDTH8 line 10 in file
		'/home/ICer/IC/Projects/System/rtl/ASYNC_FIFO/FIFO_MEM_CNTRL.v'.
===============================================================================
|    Register Name    |   Type    | Width | Bus | MB | AR | AS | SR | SS | ST |
===============================================================================
|       RAM_reg       | Flip-flop |  64   |  Y  | N  | N  | N  | N  | N  | N  |
===============================================================================
Statistics for MUX_OPs
===================================================================
|       block name/line         | Inputs | Outputs | # sel inputs |
===================================================================
| FIFO_MEM_CNTRL_DATA_WIDTH8/15 |   8    |    8    |      3       |
===================================================================
Presto compilation completed successfully.
Information: Building the design 'UART_TX_FSM'. (HDL-193)

Statistics for case statements in always block at line 17 in file
	'/home/ICer/IC/Projects/System/rtl/UART/UART_TX/UART_TX_FSM.sv'
===============================================
|           Line           |  full/ parallel  |
===============================================
|            23            |    auto/auto     |
===============================================

Statistics for case statements in always block at line 41 in file
	'/home/ICer/IC/Projects/System/rtl/UART/UART_TX/UART_TX_FSM.sv'
===============================================
|           Line           |  full/ parallel  |
===============================================
|            43            |    auto/auto     |
===============================================

Inferred memory devices in process
	in routine UART_TX_FSM line 32 in file
		'/home/ICer/IC/Projects/System/rtl/UART/UART_TX/UART_TX_FSM.sv'.
===============================================================================
|    Register Name    |   Type    | Width | Bus | MB | AR | AS | SR | SS | ST |
===============================================================================
|  currentState_reg   | Flip-flop |   3   |  Y  | N  | Y  | N  | N  | N  | N  |
===============================================================================
Presto compilation completed successfully.
Information: Building the design 'Serializer'. (HDL-193)

Inferred memory devices in process
	in routine Serializer line 10 in file
		'/home/ICer/IC/Projects/System/rtl/UART/UART_TX/Serializer.v'.
===============================================================================
|    Register Name    |   Type    | Width | Bus | MB | AR | AS | SR | SS | ST |
===============================================================================
|    pDataReg_reg     | Flip-flop |   8   |  Y  | N  | Y  | N  | N  | N  | N  |
===============================================================================

Inferred memory devices in process
	in routine Serializer line 18 in file
		'/home/ICer/IC/Projects/System/rtl/UART/UART_TX/Serializer.v'.
===============================================================================
|    Register Name    |   Type    | Width | Bus | MB | AR | AS | SR | SS | ST |
===============================================================================
|     counter_reg     | Flip-flop |   4   |  Y  | N  | Y  | N  | N  | N  | N  |
===============================================================================
Statistics for MUX_OPs
======================================================
| block name/line  | Inputs | Outputs | # sel inputs |
======================================================
|  Serializer/16   |   8    |    1    |      3       |
======================================================
Presto compilation completed successfully.
Information: Building the design 'Parity_Calc'. (HDL-193)

Inferred memory devices in process
	in routine Parity_Calc line 7 in file
		'/home/ICer/IC/Projects/System/rtl/UART/UART_TX/parity_Calc.v'.
===============================================================================
|    Register Name    |   Type    | Width | Bus | MB | AR | AS | SR | SS | ST |
===============================================================================
|     parBit_reg      | Flip-flop |   1   |  N  | N  | Y  | N  | N  | N  | N  |
===============================================================================
Presto compilation completed successfully.
Information: Building the design 'Mux_4X1'. (HDL-193)

Statistics for case statements in always block at line 6 in file
	'/home/ICer/IC/Projects/System/rtl/UART/UART_TX/Mux_4X1.v'
===============================================
|           Line           |  full/ parallel  |
===============================================
|            7             |    auto/auto     |
===============================================
Presto compilation completed successfully.
Information: Building the design 'UART_RX_FSM'. (HDL-193)

Statistics for case statements in always block at line 38 in file
	'/home/ICer/IC/Projects/System/rtl/UART/UART_RX/UART_RX_FSM.sv'
===============================================
|           Line           |  full/ parallel  |
===============================================
|            40            |    auto/auto     |
===============================================

Inferred memory devices in process
	in routine UART_RX_FSM line 30 in file
		'/home/ICer/IC/Projects/System/rtl/UART/UART_RX/UART_RX_FSM.sv'.
===============================================================================
|    Register Name    |   Type    | Width | Bus | MB | AR | AS | SR | SS | ST |
===============================================================================
|  currentState_reg   | Flip-flop |   3   |  Y  | N  | Y  | N  | N  | N  | N  |
===============================================================================
Presto compilation completed successfully.
Information: Building the design 'edge_bit_counter'. (HDL-193)

Inferred memory devices in process
	in routine edge_bit_counter line 8 in file
		'/home/ICer/IC/Projects/System/rtl/UART/UART_RX/edge_bit_counter.v'.
===============================================================================
|    Register Name    |   Type    | Width | Bus | MB | AR | AS | SR | SS | ST |
===============================================================================
|     bit_cnt_reg     | Flip-flop |   4   |  Y  | N  | Y  | N  | N  | N  | N  |
|    edge_cnt_reg     | Flip-flop |   5   |  Y  | N  | Y  | N  | N  | N  | N  |
===============================================================================
Presto compilation completed successfully.
Information: Building the design 'data_sampling'. (HDL-193)

Inferred memory devices in process
	in routine data_sampling line 10 in file
		'/home/ICer/IC/Projects/System/rtl/UART/UART_RX/data_sampling.v'.
===============================================================================
|    Register Name    |   Type    | Width | Bus | MB | AR | AS | SR | SS | ST |
===============================================================================
|  inner_counter_reg  | Flip-flop |   2   |  Y  | N  | Y  | N  | N  | N  | N  |
|  majority_reg_reg   | Flip-flop |   3   |  Y  | N  | Y  | N  | N  | N  | N  |
===============================================================================
Presto compilation completed successfully.
Information: Building the design 'parity_Check'. (HDL-193)

Inferred memory devices in process
	in routine parity_Check line 8 in file
		'/home/ICer/IC/Projects/System/rtl/UART/UART_RX/parity_Check.v'.
===============================================================================
|    Register Name    |   Type    | Width | Bus | MB | AR | AS | SR | SS | ST |
===============================================================================
|     par_err_reg     | Flip-flop |   1   |  N  | N  | Y  | N  | N  | N  | N  |
===============================================================================
Presto compilation completed successfully.
Information: Building the design 'strt_Check'. (HDL-193)

Inferred memory devices in process
	in routine strt_Check line 6 in file
		'/home/ICer/IC/Projects/System/rtl/UART/UART_RX/strt_Check.v'.
===============================================================================
|    Register Name    |   Type    | Width | Bus | MB | AR | AS | SR | SS | ST |
===============================================================================
|   strt_glitch_reg   | Flip-flop |   1   |  N  | N  | Y  | N  | N  | N  | N  |
===============================================================================
Presto compilation completed successfully.
Information: Building the design 'stop_Check'. (HDL-193)

Inferred memory devices in process
	in routine stop_Check line 6 in file
		'/home/ICer/IC/Projects/System/rtl/UART/UART_RX/stop_Check.v'.
===============================================================================
|    Register Name    |   Type    | Width | Bus | MB | AR | AS | SR | SS | ST |
===============================================================================
|     stp_err_reg     | Flip-flop |   1   |  N  | N  | Y  | N  | N  | N  | N  |
===============================================================================
Presto compilation completed successfully.
Information: Building the design 'deserializer'. (HDL-193)

Inferred memory devices in process
	in routine deserializer line 6 in file
		'/home/ICer/IC/Projects/System/rtl/UART/UART_RX/deserializer.v'.
===============================================================================
|    Register Name    |   Type    | Width | Bus | MB | AR | AS | SR | SS | ST |
===============================================================================
|     P_DATA_reg      | Flip-flop |   8   |  Y  | N  | Y  | N  | N  | N  | N  |
===============================================================================
Presto compilation completed successfully.
1
###################### Defining toplevel ###################################
current_design $top_module
Current design is 'SYS_TOP'.
{SYS_TOP}
#################### Liniking All The Design Parts #########################
puts "###############################################"
###############################################
puts "######## Liniking All The Design Parts ########"
######## Liniking All The Design Parts ########
puts "###############################################"
###############################################
link 

  Linking design 'SYS_TOP'
  Using the following designs and libraries:
  --------------------------------------------------------------------------
  * (29 designs)              /home/ICer/IC/Projects/System/syn/SYS_TOP.db, etc
  scmetro_tsmc_cl013g_rvt_ss_1p08v_125c (library) /home/ICer/IC/Projects/System/std_cells/scmetro_tsmc_cl013g_rvt_ss_1p08v_125c.db
  scmetro_tsmc_cl013g_rvt_tt_1p2v_25c (library) /home/ICer/IC/Projects/System/std_cells/scmetro_tsmc_cl013g_rvt_tt_1p2v_25c.db
  scmetro_tsmc_cl013g_rvt_ff_1p32v_m40c (library) /home/ICer/IC/Projects/System/std_cells/scmetro_tsmc_cl013g_rvt_ff_1p32v_m40c.db

1
#################### Liniking All The Design Parts #########################
puts "###############################################"
###############################################
puts "######## checking design consistency ##########"
######## checking design consistency ##########
puts "###############################################"
###############################################
check_design
 
****************************************
check_design summary:
Version:     O-2018.06-SP1
Date:        Mon Sep 28 07:13:42 2026
****************************************

                   Name                                            Total
--------------------------------------------------------------------------------
Inputs/Outputs                                                      8
    Shorted outputs (LINT-31)                                       3
    Constant outputs (LINT-52)                                      5

Cells                                                              36
    Cells do not drive (LINT-1)                                    17
    Connected to power or ground (LINT-32)                         18
    Nets connected to multiple pins on same cell (LINT-33)          1
--------------------------------------------------------------------------------

Warning: In design 'ALU', cell 'C366' does not drive any nets. (LINT-1)
Warning: In design 'ALU', cell 'C367' does not drive any nets. (LINT-1)
Warning: In design 'ALU', cell 'C368' does not drive any nets. (LINT-1)
Warning: In design 'ALU', cell 'C369' does not drive any nets. (LINT-1)
Warning: In design 'ALU', cell 'C498' does not drive any nets. (LINT-1)
Warning: In design 'ALU', cell 'C500' does not drive any nets. (LINT-1)
Warning: In design 'ALU', cell 'C502' does not drive any nets. (LINT-1)
Warning: In design 'ClkDiv', cell 'C122' does not drive any nets. (LINT-1)
Warning: In design 'ClkDiv', cell 'C125' does not drive any nets. (LINT-1)
Warning: In design 'FIFO_WR', cell 'C46' does not drive any nets. (LINT-1)
Warning: In design 'FIFO_RD', cell 'C43' does not drive any nets. (LINT-1)
Warning: In design 'Serializer', cell 'C104' does not drive any nets. (LINT-1)
Warning: In design 'edge_bit_counter', cell 'C105' does not drive any nets. (LINT-1)
Warning: In design 'edge_bit_counter', cell 'C109' does not drive any nets. (LINT-1)
Warning: In design 'edge_bit_counter', cell 'C110' does not drive any nets. (LINT-1)
Warning: In design 'edge_bit_counter', cell 'C113' does not drive any nets. (LINT-1)
Warning: In design 'data_sampling', cell 'C80' does not drive any nets. (LINT-1)
Warning: In design 'CLKDIV_MUX_WIDTH8', output port 'OUT[7]' is connected directly to output port 'OUT[4]'. (LINT-31)
Warning: In design 'CLKDIV_MUX_WIDTH8', output port 'OUT[7]' is connected directly to output port 'OUT[5]'. (LINT-31)
Warning: In design 'CLKDIV_MUX_WIDTH8', output port 'OUT[7]' is connected directly to output port 'OUT[6]'. (LINT-31)
Warning: In design 'SYS_TOP', a pin on submodule 'U_ALU' is connected to logic 1 or logic 0. (LINT-32)
   Pin 'A[15]' is connected to logic 0. 
Warning: In design 'SYS_TOP', a pin on submodule 'U_ALU' is connected to logic 1 or logic 0. (LINT-32)
   Pin 'A[14]' is connected to logic 0. 
Warning: In design 'SYS_TOP', a pin on submodule 'U_ALU' is connected to logic 1 or logic 0. (LINT-32)
   Pin 'A[13]' is connected to logic 0. 
Warning: In design 'SYS_TOP', a pin on submodule 'U_ALU' is connected to logic 1 or logic 0. (LINT-32)
   Pin 'A[12]' is connected to logic 0. 
Warning: In design 'SYS_TOP', a pin on submodule 'U_ALU' is connected to logic 1 or logic 0. (LINT-32)
   Pin 'A[11]' is connected to logic 0. 
Warning: In design 'SYS_TOP', a pin on submodule 'U_ALU' is connected to logic 1 or logic 0. (LINT-32)
   Pin 'A[10]' is connected to logic 0. 
Warning: In design 'SYS_TOP', a pin on submodule 'U_ALU' is connected to logic 1 or logic 0. (LINT-32)
   Pin 'A[9]' is connected to logic 0. 
Warning: In design 'SYS_TOP', a pin on submodule 'U_ALU' is connected to logic 1 or logic 0. (LINT-32)
   Pin 'A[8]' is connected to logic 0. 
Warning: In design 'SYS_TOP', a pin on submodule 'U_ALU' is connected to logic 1 or logic 0. (LINT-32)
   Pin 'B[15]' is connected to logic 0. 
Warning: In design 'SYS_TOP', a pin on submodule 'U_ALU' is connected to logic 1 or logic 0. (LINT-32)
   Pin 'B[14]' is connected to logic 0. 
Warning: In design 'SYS_TOP', a pin on submodule 'U_ALU' is connected to logic 1 or logic 0. (LINT-32)
   Pin 'B[13]' is connected to logic 0. 
Warning: In design 'SYS_TOP', a pin on submodule 'U_ALU' is connected to logic 1 or logic 0. (LINT-32)
   Pin 'B[12]' is connected to logic 0. 
Warning: In design 'SYS_TOP', a pin on submodule 'U_ALU' is connected to logic 1 or logic 0. (LINT-32)
   Pin 'B[11]' is connected to logic 0. 
Warning: In design 'SYS_TOP', a pin on submodule 'U_ALU' is connected to logic 1 or logic 0. (LINT-32)
   Pin 'B[10]' is connected to logic 0. 
Warning: In design 'SYS_TOP', a pin on submodule 'U_ALU' is connected to logic 1 or logic 0. (LINT-32)
   Pin 'B[9]' is connected to logic 0. 
Warning: In design 'SYS_TOP', a pin on submodule 'U_ALU' is connected to logic 1 or logic 0. (LINT-32)
   Pin 'B[8]' is connected to logic 0. 
Warning: In design 'UART_TX_TOP', a pin on submodule 'Mux_4X1_BLock' is connected to logic 1 or logic 0. (LINT-32)
   Pin 'A[1]' is connected to logic 1. 
Warning: In design 'UART_TX_TOP', a pin on submodule 'Mux_4X1_BLock' is connected to logic 1 or logic 0. (LINT-32)
   Pin 'A[0]' is connected to logic 0. 
Warning: In design 'SYS_TOP', the same net is connected to more than one pin on submodule 'U_ALU'. (LINT-33)
   Net '*Logic0*' is connected to pins 'A[15]', 'A[14]'', 'A[13]', 'A[12]', 'A[11]', 'A[10]', 'A[9]', 'A[8]', 'B[15]', 'B[14]', 'B[13]', 'B[12]', 'B[11]', 'B[10]', 'B[9]', 'B[8]'.
Warning: In design 'SYS_CTRL', output port 'clk_div_en' is connected directly to 'logic 1'. (LINT-52)
Warning: In design 'CLKDIV_MUX_WIDTH8', output port 'OUT[7]' is connected directly to 'logic 0'. (LINT-52)
Warning: In design 'CLKDIV_MUX_WIDTH8', output port 'OUT[6]' is connected directly to 'logic 0'. (LINT-52)
Warning: In design 'CLKDIV_MUX_WIDTH8', output port 'OUT[5]' is connected directly to 'logic 0'. (LINT-52)
Warning: In design 'CLKDIV_MUX_WIDTH8', output port 'OUT[4]' is connected directly to 'logic 0'. (LINT-52)
1
#################### Define Design Constraints #########################
puts "###############################################"
###############################################
puts "############ Design Constraints #### ##########"
############ Design Constraints #### ##########
puts "###############################################"
###############################################
source ./cons.tcl
Warning: Design rule attributes from the driving cell will be
	set on the port. (UID-401)
Using operating conditions 'scmetro_tsmc_cl013g_rvt_ss_1p08v_125c' found in library 'scmetro_tsmc_cl013g_rvt_ss_1p08v_125c'.
Using operating conditions 'scmetro_tsmc_cl013g_rvt_ff_1p32v_m40c' found in library 'scmetro_tsmc_cl013g_rvt_ff_1p32v_m40c'.
###################### Mapping and optimization ########################
puts "###############################################"
###############################################
puts "########## Mapping & Optimization #############"
########## Mapping & Optimization #############
puts "###############################################"
###############################################
compile_ultra
Loading db file '/home/synopsys/syn/O-2018.06-SP1/libraries/syn/dw_foundation.sldb'
Warning: DesignWare synthetic library dw_foundation.sldb is added to the synthetic_library in the current command. (UISN-40)
Information: Performing power optimization. (PWR-850)
Alib files are up-to-date.
Information: Evaluating DesignWare library utilization. (UISN-27)

============================================================================
| DesignWare Building Block Library  |         Version         | Available |
============================================================================
| Basic DW Building Blocks           | O-2018.06-DWBB_201806.1 |     *     |
| Licensed DW Building Blocks        | O-2018.06-DWBB_201806.1 |     *     |
============================================================================

Information: Sequential output inversion is enabled.  SVF file must be used for formal verification. (OPT-1208)

Information: There are 44 potential problems in your design. Please run 'check_design' for more information. (LINT-99)

Information: Uniquified 2 instances of design 'RST_SYNC'. (OPT-1056)
Information: Uniquified 2 instances of design 'ClkDiv'. (OPT-1056)
Information: Uniquified 2 instances of design 'DF_SYNC_WIDTH4'. (OPT-1056)
  Simplifying Design 'SYS_TOP'

  Loading target library 'scmetro_tsmc_cl013g_rvt_tt_1p2v_25c'
  Loading target library 'scmetro_tsmc_cl013g_rvt_ff_1p32v_m40c'
Loaded alib file './alib-52/scmetro_tsmc_cl013g_rvt_ss_1p08v_125c.db.alib'
Loaded alib file './alib-52/scmetro_tsmc_cl013g_rvt_tt_1p2v_25c.db.alib'
Loaded alib file './alib-52/scmetro_tsmc_cl013g_rvt_ff_1p32v_m40c.db.alib'
Warning: Operating condition scmetro_tsmc_cl013g_rvt_ss_1p08v_125c set on design SYS_TOP has different process,
voltage and temperatures parameters than the parameters at which target library 
scmetro_tsmc_cl013g_rvt_tt_1p2v_25c is characterized. Delays may be inaccurate as a result. (OPT-998)
  Building model 'DW01_NAND2'
Information: Ungrouping hierarchy RST_SYNC_1 before Pass 1 (OPT-776)
Information: Ungrouping hierarchy U_RegFile before Pass 1 (OPT-776)
Information: Ungrouping hierarchy U_ALU before Pass 1 (OPT-776)
Information: Ungrouping hierarchy U_SYS_CTRL before Pass 1 (OPT-776)
Information: Ungrouping hierarchy U_CLKDIV_MUX before Pass 1 (OPT-776)
Information: Ungrouping hierarchy U_UART before Pass 1 (OPT-776)
Information: Ungrouping hierarchy U_PULSE_GEN before Pass 1 (OPT-776)
Information: Ungrouping hierarchy U_Data_Sync_RX before Pass 1 (OPT-776)
Information: Ungrouping hierarchy U_ASYNC_FIFO before Pass 1 (OPT-776)
Information: Ungrouping hierarchy RST_SYNC_2 before Pass 1 (OPT-776)
Information: Ungrouping hierarchy U_UART/U0_UART_TX before Pass 1 (OPT-776)
Information: Ungrouping hierarchy U_UART/U0_UART_RX before Pass 1 (OPT-776)
Information: Ungrouping hierarchy U_ASYNC_FIFO/FIFO_WR_Block before Pass 1 (OPT-776)
Information: Ungrouping hierarchy U_ASYNC_FIFO/sync_w2r before Pass 1 (OPT-776)
Information: Ungrouping hierarchy U_ASYNC_FIFO/FIFO_RD_Block before Pass 1 (OPT-776)
Information: Ungrouping hierarchy U_ASYNC_FIFO/FIFO_Memory_Block before Pass 1 (OPT-776)
Information: Ungrouping hierarchy U_ASYNC_FIFO/sync_r2w before Pass 1 (OPT-776)
Information: Ungrouping hierarchy U_UART/U0_UART_TX/FSM_Block before Pass 1 (OPT-776)
Information: Ungrouping hierarchy U_UART/U0_UART_TX/Serializer_Block before Pass 1 (OPT-776)
Information: Ungrouping hierarchy U_UART/U0_UART_TX/Parity_Calc_Block before Pass 1 (OPT-776)
Information: Ungrouping hierarchy U_UART/U0_UART_TX/Mux_4X1_BLock before Pass 1 (OPT-776)
Information: Ungrouping hierarchy U_UART/U0_UART_RX/UART_RX_FSM_Block before Pass 1 (OPT-776)
Information: Ungrouping hierarchy U_UART/U0_UART_RX/edge_bit_counter_BLock before Pass 1 (OPT-776)
Information: Ungrouping hierarchy U_UART/U0_UART_RX/data_sampling_Block before Pass 1 (OPT-776)
Information: Ungrouping hierarchy U_UART/U0_UART_RX/parity_Check_Block before Pass 1 (OPT-776)
Information: Ungrouping hierarchy U_UART/U0_UART_RX/strt_Check_Block before Pass 1 (OPT-776)
Information: Ungrouping hierarchy U_UART/U0_UART_RX/stop_Check_BLock before Pass 1 (OPT-776)
Information: Ungrouping hierarchy U_UART/U0_UART_RX/deserializer_Block before Pass 1 (OPT-776)
Information: Ungrouping 28 of 32 hierarchies before Pass 1 (OPT-775)
Information: State dependent leakage is now switched from on to off.

  Beginning Pass 1 Mapping
  ------------------------
  Processing 'SYS_TOP'
Information: Added key list 'DesignWare' to design 'SYS_TOP'. (DDB-72)
 Implement Synthetic for 'SYS_TOP'.
  Processing 'SYS_TOP_DW_div_uns_J1_0'
  Processing 'ClkDiv_0'
Information: Added key list 'DesignWare' to design 'ClkDiv_0'. (DDB-72)
 Implement Synthetic for 'ClkDiv_0'.
  Processing 'ClkDiv_1'
Information: Added key list 'DesignWare' to design 'ClkDiv_1'. (DDB-72)
 Implement Synthetic for 'ClkDiv_1'.
  Processing 'CLK_GATE'
Memory usage for J1 task 447 Mbytes -- main task 447 Mbytes.

  Updating timing information
Information: Updating design information... (UID-85)
Information: The library cell 'HOLDX1M' in the library 'scmetro_tsmc_cl013g_rvt_ss_1p08v_125c' is not characterized for internal power. (PWR-536)
Information: The target library(s) contains cell(s), other than black boxes, that are not characterized for internal power. (PWR-24)

  Beginning Mapping Optimizations  (Ultra High effort)
  -------------------------------
  Structuring 'SYS_TOP_DW_div_uns_0'
  Mapping 'SYS_TOP_DW_div_uns_0'
  Mapping 'DW01_add'
  Mapping 'DW01_add'
  Mapping 'DW01_add'
  Mapping 'DW01_add'
  Mapping 'SYS_TOP_DW01_add_8'
  Mapping 'SYS_TOP_DW01_add_9'
  Mapping 'SYS_TOP_DW01_add_10'
  Mapping 'SYS_TOP_DW01_add_11'
  Mapping 'SYS_TOP_DW01_add_12'
  Mapping 'SYS_TOP_DW01_add_13'
  Mapping 'SYS_TOP_DW01_add_14'
  Mapping 'SYS_TOP_DW01_add_15'
  Mapping 'SYS_TOP_DW01_add_16'
  Mapping 'SYS_TOP_DW01_add_17'
  Mapping 'SYS_TOP_DW01_add_18'
  Structuring 'SYS_TOP_DW_div_uns_1'
  Mapping 'SYS_TOP_DW_div_uns_1'
  Mapping 'SYS_TOP_DW01_add_19'
  Mapping 'DW01_add'
  Mapping 'DW01_add'
  Mapping 'DW01_add'
  Mapping 'DW01_add'
  Mapping 'DW01_add'
  Mapping 'DW01_add'
  Mapping 'SYS_TOP_DW01_add_20'
  Mapping 'SYS_TOP_DW01_add_21'
  Mapping 'SYS_TOP_DW01_add_22'
  Mapping 'SYS_TOP_DW01_add_23'
  Mapping 'SYS_TOP_DW01_add_24'
  Mapping 'SYS_TOP_DW01_add_25'
  Mapping 'SYS_TOP_DW01_add_26'
  Mapping 'SYS_TOP_DW01_add_27'
  Mapping 'SYS_TOP_DW01_add_28'
  Mapping 'SYS_TOP_DW01_add_29'
  Mapping 'SYS_TOP_DW01_add_30'
  Mapping 'SYS_TOP_DW01_add_31'
  Mapping 'SYS_TOP_DW01_add_32'
  Mapping 'SYS_TOP_DW01_add_33'
  Mapping 'SYS_TOP_DW01_add_34'
  Structuring 'SYS_TOP_DW_div_uns_2'
  Mapping 'SYS_TOP_DW_div_uns_2'
  Mapping 'SYS_TOP_DW01_add_35'
  Mapping 'SYS_TOP_DW01_add_36'
  Mapping 'SYS_TOP_DW01_add_37'
  Mapping 'SYS_TOP_DW01_sub_0'
  Mapping 'SYS_TOP_DW01_add_38'
  Mapping 'SYS_TOP_DW01_add_45'
  Mapping 'SYS_TOP_DW01_add_46'
  Mapping 'SYS_TOP_DW01_add_47'
  Mapping 'SYS_TOP_DW01_add_48'
  Mapping 'SYS_TOP_DW01_add_49'
  Mapping 'SYS_TOP_DW01_add_50'
  Mapping 'SYS_TOP_DW01_add_51'
  Mapping 'SYS_TOP_DW01_add_52'
  Mapping 'SYS_TOP_DW01_add_53'
  Mapping 'SYS_TOP_DW01_add_54'
  Mapping 'SYS_TOP_DW01_add_55'
  Mapping 'SYS_TOP_DW01_add_56'
  Mapping 'SYS_TOP_DW01_add_57'
  Mapping 'SYS_TOP_DW01_add_58'
  Mapping 'SYS_TOP_DW01_add_59'
  Mapping 'SYS_TOP_DW01_add_60'
  Mapping 'SYS_TOP_DW01_add_61'
  Mapping 'SYS_TOP_DW01_add_62'
  Mapping 'SYS_TOP_DW01_add_63'
  Mapping 'SYS_TOP_DW01_add_64'
  Mapping 'SYS_TOP_DW01_add_65'
  Mapping 'SYS_TOP_DW01_add_66'
  Mapping 'SYS_TOP_DW01_add_67'
  Mapping 'SYS_TOP_DW01_add_68'
  Mapping 'SYS_TOP_DW01_add_69'
  Mapping 'SYS_TOP_DW01_add_70'
  Mapping 'SYS_TOP_DW01_add_71'
  Mapping 'SYS_TOP_DW01_add_72'
  Mapping 'SYS_TOP_DW01_add_73'
  Mapping 'SYS_TOP_DW01_add_74'
  Mapping 'SYS_TOP_DW01_add_75'
  Mapping 'SYS_TOP_DW01_add_76'
  Mapping 'SYS_TOP_DW01_add_77'
  Mapping 'SYS_TOP_DW01_add_78'
  Mapping 'SYS_TOP_DW01_add_79'
  Structuring 'SYS_TOP_DW_div_uns_3'
  Mapping 'SYS_TOP_DW_div_uns_3'
  Mapping 'SYS_TOP_DP_OP_35_131_7078_0'
  Mapping Optimization (Phase 1)

  Beginning Constant Register Removal
  -----------------------------------

  Beginning Global Optimizations
  ------------------------------
  Numerical Synthesis (Phase 1)
  Numerical Synthesis (Phase 2)
  Global Optimization (Phase 1)
  Global Optimization (Phase 2)
  Global Optimization (Phase 3)
  Global Optimization (Phase 4)
  Global Optimization (Phase 5)
  Global Optimization (Phase 6)
  Global Optimization (Phase 7)
  Global Optimization (Phase 8)
  Global Optimization (Phase 9)
  Global Optimization (Phase 10)
  Global Optimization (Phase 11)
  Global Optimization (Phase 12)
  Global Optimization (Phase 13)
  Global Optimization (Phase 14)
  Global Optimization (Phase 15)
  Global Optimization (Phase 16)
  Global Optimization (Phase 17)
  Global Optimization (Phase 18)
  Global Optimization (Phase 19)
  Global Optimization (Phase 20)
  Global Optimization (Phase 21)
  Global Optimization (Phase 22)
  Global Optimization (Phase 23)
  Global Optimization (Phase 24)
  Global Optimization (Phase 25)
  Global Optimization (Phase 26)
  Global Optimization (Phase 27)
  Global Optimization (Phase 28)
  Global Optimization (Phase 29)
  Global Optimization (Phase 30)
  Global Optimization (Phase 31)

  Beginning Isolate Ports
  -----------------------

  Beginning Delay Optimization
  ----------------------------

                                  TOTAL                                                
   ELAPSED            WORST NEG   SETUP    DESIGN                              LEAKAGE 
    TIME      AREA      SLACK     COST    RULE COST         ENDPOINT            POWER  
  --------- --------- --------- --------- --------- ------------------------- ---------
    0:00:26   20573.4      0.00       0.0       4.5                           11520096.0000
    0:00:26   20573.4      0.00       0.0       4.5                           11520096.0000
    0:00:26   20573.4      0.00       0.0       4.5                           11520096.0000
    0:00:26   20535.8      0.00       0.0       4.2                           11569593.0000

  Beginning WLM Backend Optimization
  --------------------------------------
    0:00:27   19906.2      0.00       0.0       3.8                           10989528.0000
    0:00:28   19906.2      0.00       0.0       3.4                           10154167.0000
    0:00:28   19906.2      0.00       0.0       3.4                           10154167.0000
    0:00:28   19906.2      0.00       0.0       3.4                           10154167.0000
    0:00:28   19906.2      0.00       0.0       3.4                           10154167.0000
    0:00:28   19906.2      0.00       0.0       3.4                           10154167.0000
    0:00:28   19906.2      0.00       0.0       3.4                           10154167.0000
    0:00:28   19906.2      0.00       0.0       3.4                           10154167.0000
    0:00:28   19906.2      0.00       0.0       3.4                           10154167.0000
    0:00:28   19906.2      0.00       0.0       3.4                           10154167.0000
    0:00:28   19906.2      0.00       0.0       3.4                           10154167.0000
    0:00:28   19906.2      0.00       0.0       3.4                           10154167.0000
    0:00:28   19906.2      0.00       0.0       3.4                           10154167.0000
    0:00:28   19906.2      0.00       0.0       3.4                           10154167.0000
    0:00:28   19906.2      0.00       0.0       3.4                           10154167.0000
    0:00:28   19906.2      0.00       0.0       3.4                           10154167.0000
    0:00:28   19906.2      0.00       0.0       3.4                           10154167.0000
    0:00:28   19906.2      0.00       0.0       3.4                           10154167.0000
    0:00:28   19906.2      0.00       0.0       3.4                           10154167.0000
    0:00:28   19906.2      0.00       0.0       3.4                           10154167.0000


  Beginning Design Rule Fixing  (max_transition)  (max_capacitance)
  ----------------------------

                                  TOTAL                                                
   ELAPSED            WORST NEG   SETUP    DESIGN                              LEAKAGE 
    TIME      AREA      SLACK     COST    RULE COST         ENDPOINT            POWER  
  --------- --------- --------- --------- --------- ------------------------- ---------
    0:00:28   19906.2      0.00       0.0       3.4                           10154167.0000
  Global Optimization (Phase 32)
  Global Optimization (Phase 33)
  Global Optimization (Phase 34)
    0:00:28   19918.0      0.00       0.0       0.0                           10174342.0000
    0:00:28   19918.0      0.00       0.0       0.0                           10174342.0000


  Beginning Leakage Power Optimization  (max_leakage_power 0)
  ------------------------------------

                                  TOTAL                                                
   ELAPSED            WORST NEG   SETUP    DESIGN                              LEAKAGE 
    TIME      AREA      SLACK     COST    RULE COST         ENDPOINT            POWER  
  --------- --------- --------- --------- --------- ------------------------- ---------
    0:00:28   19918.0      0.00       0.0       0.0                           10174342.0000
  Global Optimization (Phase 35)
  Global Optimization (Phase 36)
  Global Optimization (Phase 37)
  Global Optimization (Phase 38)
  Global Optimization (Phase 39)
  Global Optimization (Phase 40)
  Global Optimization (Phase 41)
  Global Optimization (Phase 42)
  Global Optimization (Phase 43)
  Global Optimization (Phase 44)
  Global Optimization (Phase 45)
    0:00:28   19918.0      0.00       0.0       0.0                           10172930.0000
    0:00:28   19918.0      0.00       0.0       0.0                           10172930.0000
    0:00:28   19918.0      0.00       0.0       0.0                           10172930.0000
    0:00:28   19918.0      0.00       0.0       0.0                           10170754.0000
    0:00:28   19918.0      0.00       0.0       0.0                           10170754.0000
    0:00:28   19918.0      0.00       0.0       0.0                           10170754.0000
    0:00:28   19918.0      0.00       0.0       0.0                           10170754.0000
    0:00:28   19918.0      0.00       0.0       0.0                           10170754.0000
    0:00:28   19918.0      0.00       0.0       0.0                           10170754.0000
    0:00:28   19918.0      0.00       0.0       0.0                           10170754.0000
    0:00:28   19918.0      0.00       0.0       0.0                           10170754.0000
    0:00:28   19918.0      0.00       0.0       0.0                           10170754.0000
    0:00:28   19918.0      0.00       0.0       0.0                           10170754.0000
    0:00:28   19918.0      0.00       0.0       0.0                           10170754.0000
    0:00:28   19918.0      0.00       0.0       0.0                           10170754.0000
    0:00:28   19918.0      0.00       0.0       0.0                           10170754.0000
    0:00:28   19918.0      0.00       0.0       0.0                           10170754.0000
    0:00:28   19918.0      0.00       0.0       0.0                           10170754.0000
    0:00:28   19918.0      0.00       0.0       0.0                           10170754.0000
    0:00:28   19918.0      0.00       0.0       0.0                           10170754.0000
    0:00:28   19918.0      0.00       0.0       0.0                           10170754.0000
    0:00:28   19918.0      0.00       0.0       0.0                           10170754.0000

                                  TOTAL                                                
   ELAPSED            WORST NEG   SETUP    DESIGN                              LEAKAGE 
    TIME      AREA      SLACK     COST    RULE COST         ENDPOINT            POWER  
  --------- --------- --------- --------- --------- ------------------------- ---------
    0:00:28   19918.0      0.00       0.0       0.0                           10170754.0000
    0:00:28   19918.0      0.00       0.0       0.0                           10170754.0000
    0:00:28   19918.0      0.00       0.0       0.0                           10170754.0000
    0:00:28   19918.0      0.00       0.0       0.0                           10170754.0000
    0:00:29   19918.0      0.00       0.0       0.0                           10170754.0000
    0:00:29   19918.0      0.00       0.0       0.0                           10170754.0000
    0:00:29   19918.0      0.00       0.0       0.0                           10170754.0000
    0:00:29   19918.0      0.00       0.0       0.0                           10170754.0000
    0:00:29   19918.0      0.00       0.0       0.0                           10170754.0000
Loading db file '/home/ICer/IC/Projects/System/std_cells/scmetro_tsmc_cl013g_rvt_ss_1p08v_125c.db'
Loading db file '/home/ICer/IC/Projects/System/std_cells/scmetro_tsmc_cl013g_rvt_tt_1p2v_25c.db'
Loading db file '/home/ICer/IC/Projects/System/std_cells/scmetro_tsmc_cl013g_rvt_ff_1p32v_m40c.db'


Note: Symbol # after min delay cost means estimated hold TNS across all active scenarios 


  Optimization Complete
  ---------------------
  Loading target library 'scmetro_tsmc_cl013g_rvt_tt_1p2v_25c'
  Loading target library 'scmetro_tsmc_cl013g_rvt_ff_1p32v_m40c'
Information: State dependent leakage is now switched from off to on.
Information: Propagating switching activity (low effort zero delay simulation). (PWR-6)
1
#############################################################################
# Write out files
#############################################################################
write_file -format verilog -hierarchy -output netlists/$top_module.ddc
Writing verilog file '/home/ICer/IC/Projects/System/syn/netlists/SYS_TOP.ddc'.
1
write_file -format verilog -hierarchy -output netlists/$top_module.v
Writing verilog file '/home/ICer/IC/Projects/System/syn/netlists/SYS_TOP.v'.
1
write_sdf  sdf/$top_module.sdf
Information: Annotated 'cell' delays are assumed to include load delay. (UID-282)
Information: Writing timing information to file '/home/ICer/IC/Projects/System/syn/sdf/SYS_TOP.sdf'. (WT-3)
Information: Updating design information... (UID-85)
1
write_sdc  -nosplit sdc/$top_module.sdc
1
####################### reporting ##########################################
report_area -hierarchy > reports/area.rpt
report_power -hierarchy > reports/power.rpt
report_timing -delay_type min > reports/hold.rpt
report_timing -delay_type max > reports/setup.rpt
report_clock -attributes > reports/clocks.rpt
report_constraint -all_violators -nosplit > reports/constraints.rpt
################# starting graphical user interface #######################
gui_start
Current design is 'SYS_TOP'.
4.1
#exit
dc_shell> dc_shell> Current design is 'SYS_TOP'.
Loading db file '/home/synopsys/syn/O-2018.06-SP1/libraries/syn/generic.sdb'
dc_shell> exit

Memory usage for main task 647 Mbytes.
Memory usage for this session 647 Mbytes.
CPU usage for this session 41 seconds ( 0.01 hours ).

Thank you...
