/home/ICer/IC/Projects/System/rtl/ALU/ALU.v
/home/ICer/IC/Projects/System/rtl/ASYNC_FIFO/ASYNC_FIFO.v
/home/ICer/IC/Projects/System/rtl/ASYNC_FIFO/DF_SYNC.v
/home/ICer/IC/Projects/System/rtl/ASYNC_FIFO/FIFO_MEM_CNTRL.v
/home/ICer/IC/Projects/System/rtl/ASYNC_FIFO/FIFO_RD.v
/home/ICer/IC/Projects/System/rtl/ASYNC_FIFO/FIFO_WR.v
/home/ICer/IC/Projects/System/rtl/CLK_Divider/ClkDiv.v
/home/ICer/IC/Projects/System/rtl/CLKDIV_MUX/CLKDIV_MUX.v
/home/ICer/IC/Projects/System/rtl/Clock_Gating/CLK_GATE.v
/home/ICer/IC/Projects/System/rtl/DATA_SYNC/DATA_SYNC.v
/home/ICer/IC/Projects/System/rtl/PULSE_GEN/PULSE_GEN.v
/home/ICer/IC/Projects/System/rtl/RegFile/RegFile.v
/home/ICer/IC/Projects/System/rtl/RST_SYNC/RST_SYNC.v
/home/ICer/IC/Projects/System/rtl/SYS_CTRL/SYS_CTRL.v
/home/ICer/IC/Projects/System/rtl/SYS_TOP/SYS_TOP.v
/home/ICer/IC/Projects/System/rtl/UART/UART_RX/data_sampling.v
/home/ICer/IC/Projects/System/rtl/UART/UART_RX/deserializer.v
/home/ICer/IC/Projects/System/rtl/UART/UART_RX/edge_bit_counter.v
/home/ICer/IC/Projects/System/rtl/UART/UART_RX/parity_Check.v
/home/ICer/IC/Projects/System/rtl/UART/UART_RX/stop_Check.v
/home/ICer/IC/Projects/System/rtl/UART/UART_RX/strt_Check.v
/home/ICer/IC/Projects/System/rtl/UART/UART_RX/UART_RX_FSM.sv
/home/ICer/IC/Projects/System/rtl/UART/UART_RX/UART_RX_TOP.v
/home/ICer/IC/Projects/System/rtl/UART/UART_TOP/UART.v
/home/ICer/IC/Projects/System/rtl/UART/UART_TX/Mux_4X1.v
/home/ICer/IC/Projects/System/rtl/UART/UART_TX/parity_Calc.v
/home/ICer/IC/Projects/System/rtl/UART/UART_TX/Serializer.v
/home/ICer/IC/Projects/System/rtl/UART/UART_TX/UART_TX_FSM.sv
/home/ICer/IC/Projects/System/rtl/UART/UART_TX/UART_TX_TOP.v
